ARM Linker, 4.1 [Build 791] [Standard]

==============================================================================

Section Cross References

    main.o(.text) refers to __2printf.o(.text) for __2printf
    main.o(.text) refers to delay.o(.text) for delay_ms
    main.o(.text) refers to os_task.o(.text) for OSTaskSuspend
    main.o(.text) refers to adc.o(.text) for getAD
    main.o(.text) refers to stm32f10x_gpio.o(.text) for GPIO_ReadInputDataBit
    main.o(.text) refers to tcp_client_demo.o(.text) for StopChage
    main.o(.text) refers to stm32f10x_flash.o(.text) for FLASH_Unlock
    main.o(.text) refers to stmflash.o(.text) for STMFLASH_Write
    main.o(.text) refers to rt_memclr.o(.text) for __aeabi_memclr
    main.o(.text) refers to strcpy.o(.text) for strcpy
    main.o(.text) refers to tcp_client_demo.o(.data) for IsDown
    main.o(.text) refers to main.o(.constdata) for .constdata
    main.o(.text) refers to stmflash.o(.bss) for my_data
    main.o(.text) refers to main.o(.data) for PowerSave
    main.o(.text) refers to usart2.o(.data) for Is485
    main.o(.text) refers to tcp_client_demo.o(.bss) for tcp_client_sendbuf
    main.o(.text) refers to stm32f10x_iwdg.o(.text) for IWDG_ReloadCounter
    main.o(.text) refers to stm32f10x_usart.o(.text) for USART_SendData
    main.o(.text) refers to stm32f10x_tim.o(.text) for TIM_Cmd
    main.o(.text) refers to os_core.o(.text) for OSStatInit
    main.o(.text) refers to os_cpu_a.o(.text) for OS_CPU_SR_Save
    main.o(.text) refers to misc.o(.text) for NVIC_PriorityGroupConfig
    main.o(.text) refers to usart.o(.text) for uart_init
    main.o(.text) refers to beep.o(.text) for BEEP_Init
    main.o(.text) refers to pwm.o(.text) for pwm_init
    main.o(.text) refers to exti.o(.text) for exti_init
    main.o(.text) refers to usart2.o(.text) for uart2_init
    main.o(.text) refers to usart3.o(.text) for uart3_init
    main.o(.text) refers to malloc.o(.text) for my_mem_init
    main.o(.text) refers to gpios.o(.text) for GPIOS_Init
    main.o(.text) refers to lwip_comm.o(.text) for lwip_comm_init
    main.o(.text) refers to httpd.o(.text) for httpd_init
    main.o(.text) refers to lwdg.o(.text) for iwdg_init
    main.o(.text) refers to main.o(.bss) for ReadDATA_TASK_STK
    main.o(.text) refers to usmart_config.o(.data) for usmart_dev
    system_stm32f10x.o(.text) refers to system_stm32f10x.o(.data) for SystemCoreClock
    startup_stm32f10x_hd.o(STACK) refers (Special) to heapauxi.o(.text) for __use_two_region_memory
    startup_stm32f10x_hd.o(HEAP) refers (Special) to heapauxi.o(.text) for __use_two_region_memory
    startup_stm32f10x_hd.o(RESET) refers (Special) to heapauxi.o(.text) for __use_two_region_memory
    startup_stm32f10x_hd.o(RESET) refers to startup_stm32f10x_hd.o(STACK) for __initial_sp
    startup_stm32f10x_hd.o(RESET) refers to startup_stm32f10x_hd.o(.text) for Reset_Handler
    startup_stm32f10x_hd.o(RESET) refers to stm32f10x_it.o(.text) for NMI_Handler
    startup_stm32f10x_hd.o(RESET) refers to os_cpu_a.o(.text) for PendSV_Handler
    startup_stm32f10x_hd.o(RESET) refers to delay.o(.text) for SysTick_Handler
    startup_stm32f10x_hd.o(RESET) refers to exti.o(.text) for EXTI2_IRQHandler
    startup_stm32f10x_hd.o(RESET) refers to dm9000.o(.text) for EXTI9_5_IRQHandler
    startup_stm32f10x_hd.o(RESET) refers to usmart.o(.text) for TIM4_IRQHandler
    startup_stm32f10x_hd.o(RESET) refers to usart.o(.text) for USART1_IRQHandler
    startup_stm32f10x_hd.o(RESET) refers to usart2.o(.text) for USART2_IRQHandler
    startup_stm32f10x_hd.o(RESET) refers to usart3.o(.text) for USART3_IRQHandler
    startup_stm32f10x_hd.o(RESET) refers to tcp_client_demo.o(.text) for TIM5_IRQHandler
    startup_stm32f10x_hd.o(.text) refers (Special) to heapauxi.o(.text) for __use_two_region_memory
    startup_stm32f10x_hd.o(.text) refers to system_stm32f10x.o(.text) for SystemInit
    startup_stm32f10x_hd.o(.text) refers to __main.o(!!!main) for __main
    startup_stm32f10x_hd.o(.text) refers to startup_stm32f10x_hd.o(HEAP) for Heap_Mem
    startup_stm32f10x_hd.o(.text) refers to startup_stm32f10x_hd.o(STACK) for Stack_Mem
    delay.o(.text) refers to os_core.o(.text) for OSSchedLock
    delay.o(.text) refers to os_time.o(.text) for OSTimeDly
    delay.o(.text) refers to misc.o(.text) for SysTick_CLKSourceConfig
    delay.o(.text) refers to os_core.o(.data) for OSRunning
    delay.o(.text) refers to system_stm32f10x.o(.data) for SystemCoreClock
    delay.o(.text) refers to delay.o(.data) for fac_us
    usart.o(.text) refers (Special) to use_no_semi_2.o(.text) for __use_no_semihosting
    usart.o(.text) refers to stm32f10x_rcc.o(.text) for RCC_APB2PeriphClockCmd
    usart.o(.text) refers to stm32f10x_gpio.o(.text) for GPIO_Init
    usart.o(.text) refers to misc.o(.text) for NVIC_Init
    usart.o(.text) refers to stm32f10x_usart.o(.text) for USART_Init
    usart.o(.text) refers to os_core.o(.text) for OSIntEnter
[...]
    OSFlagAccept                             0x080243b5   Thumb Code   302  os_flag.o(.text)
    OSFlagCreate                             0x080244e3   Thumb Code   100  os_flag.o(.text)
    OS_FlagUnlink                            0x08024547   Thumb Code    40  os_flag.o(.text)
    OSFlagDel                                0x080245d3   Thumb Code   238  os_flag.o(.text)
    OSFlagNameGet                            0x080246c1   Thumb Code    92  os_flag.o(.text)
    OSFlagNameSet                            0x0802471d   Thumb Code    74  os_flag.o(.text)
    OSFlagPend                               0x08024815   Thumb Code   698  os_flag.o(.text)
    OSFlagPendGetFlagsRdy                    0x08024acf   Thumb Code    28  os_flag.o(.text)
    OSFlagPost                               0x08024aeb   Thumb Code   346  os_flag.o(.text)
    OSFlagQuery                              0x08024c45   Thumb Code    56  os_flag.o(.text)
    OS_FlagInit                              0x08024c7d   Thumb Code    88  os_flag.o(.text)
    OSMutexAccept                            0x08024ce1   Thumb Code   158  os_mutex.o(.text)
    OSMutexCreate                            0x08024d7f   Thumb Code   162  os_mutex.o(.text)
    OSMutexDel                               0x08024eb1   Thumb Code   304  os_mutex.o(.text)
    OSMutexPend                              0x08024fe1   Thumb Code   666  os_mutex.o(.text)
    OSMutexPost                              0x0802527b   Thumb Code   198  os_mutex.o(.text)
    OSMutexQuery                             0x08025341   Thumb Code   116  os_mutex.o(.text)
    OSQAccept                                0x080253c9   Thumb Code   102  os_q.o(.text)
    OSQCreate                                0x0802542f   Thumb Code   152  os_q.o(.text)
    OSQDel                                   0x080254c7   Thumb Code   264  os_q.o(.text)
    OSQFlush                                 0x080255cf   Thumb Code    40  os_q.o(.text)
    OSQPend                                  0x080255f7   Thumb Code   304  os_q.o(.text)
    OSQPendAbort                             0x08025727   Thumb Code   142  os_q.o(.text)
    OSQPost                                  0x080257b5   Thumb Code   144  os_q.o(.text)
    OSQPostFront                             0x08025845   Thumb Code   122  os_q.o(.text)
    OSQPostOpt                               0x080258bf   Thumb Code   188  os_q.o(.text)
    OSQQuery                                 0x0802597b   Thumb Code   104  os_q.o(.text)
    OS_QInit                                 0x080259e3   Thumb Code    80  os_q.o(.text)
    OSSemAccept                              0x08025a3d   Thumb Code    46  os_sem.o(.text)
    OSSemCreate                              0x08025a6b   Thumb Code    78  os_sem.o(.text)
    OSSemDel                                 0x08025ab9   Thumb Code   234  os_sem.o(.text)
    OSSemPend                                0x08025ba3   Thumb Code   244  os_sem.o(.text)
    OSSemPendAbort                           0x08025c97   Thumb Code   142  os_sem.o(.text)
    OSSemPost                                0x08025d25   Thumb Code    92  os_sem.o(.text)
    OSSemQuery                               0x08025d81   Thumb Code    80  os_sem.o(.text)
    OSSemSet                                 0x08025dd1   Thumb Code    74  os_sem.o(.text)
    OSTaskChangePrio                         0x08025e31   Thumb Code   354  os_task.o(.text)
    OSTaskCreate                             0x08025f93   Thumb Code   156  os_task.o(.text)
    OS_TaskStkClr                            0x0802602f   Thumb Code    30  os_task.o(.text)
    OSTaskCreateExt                          0x0802604d   Thumb Code   176  os_task.o(.text)
    OSTaskDel                                0x080260fd   Thumb Code   368  os_task.o(.text)
    OSTaskDelReq                             0x0802626d   Thumb Code   104  os_task.o(.text)
    OSTaskNameGet                            0x080262d5   Thumb Code   128  os_task.o(.text)
    OSTaskNameSet                            0x08026355   Thumb Code   106  os_task.o(.text)
    OSTaskResume                             0x080263bf   Thumb Code   162  os_task.o(.text)
    OSTaskStkChk                             0x08026461   Thumb Code   142  os_task.o(.text)
    OSTaskSuspend                            0x080264ef   Thumb Code   174  os_task.o(.text)
    OSTaskQuery                              0x0802659d   Thumb Code    84  os_task.o(.text)
    OSTaskRegGet                             0x080265f1   Thumb Code    62  os_task.o(.text)
    OSTaskRegSet                             0x0802662f   Thumb Code    90  os_task.o(.text)
    OS_TaskReturn                            0x08026689   Thumb Code    18  os_task.o(.text)
    OSTimeDly                                0x080266a1   Thumb Code   118  os_time.o(.text)
    OSTimeDlyHMSM                            0x08026717   Thumb Code    94  os_time.o(.text)
    OSTimeDlyResume                          0x08026775   Thumb Code   184  os_time.o(.text)
    OSTimeGet                                0x0802682d   Thumb Code    26  os_time.o(.text)
    OSTimeSet                                0x08026847   Thumb Code    26  os_time.o(.text)
    OSInitHookBegin                          0x0802687d   Thumb Code     2  os_cpu_c.o(.text)
    OSInitHookEnd                            0x0802687f   Thumb Code     2  os_cpu_c.o(.text)
    OSTaskCreateHook                         0x08026881   Thumb Code     2  os_cpu_c.o(.text)
    OSTaskDelHook                            0x08026883   Thumb Code     2  os_cpu_c.o(.text)
    OSTaskIdleHook                           0x08026885   Thumb Code     2  os_cpu_c.o(.text)
    OSTaskStatHook                           0x08026887   Thumb Code     2  os_cpu_c.o(.text)
    OSTaskStkInit                            0x08026889   Thumb Code   186  os_cpu_c.o(.text)
    OSTaskSwHook                             0x08026943   Thumb Code     2  os_cpu_c.o(.text)
    OSTCBInitHook                            0x08026945   Thumb Code     2  os_cpu_c.o(.text)
    OSTimeTickHook                           0x08026947   Thumb Code     2  os_cpu_c.o(.text)
    OSTaskReturnHook                         0x08026949   Thumb Code     2  os_cpu_c.o(.text)
    OS_CPU_SR_Save                           0x0802694d   Thumb Code     0  os_cpu_a.o(.text)
    OS_CPU_SR_Restore                        0x08026955   Thumb Code     0  os_cpu_a.o(.text)
    OSStartHighRdy                           0x0802695b   Thumb Code     0  os_cpu_a.o(.text)
    OSCtxSw                                  0x0802697d   Thumb Code     0  os_cpu_a.o(.text)
    OSIntCtxSw                               0x0802698b   Thumb Code     0  os_cpu_a.o(.text)
    PendSV_Handler                           0x0802699b   Thumb Code     0  os_cpu_a.o(.text)
    __use_no_semihosting                     0x08026a01   Thumb Code     2  use_no_semi_2.o(.text)
    __rt_ctype_table                         0x08026a05   Thumb Code    16  rt_ctype_table.o(.text)
    tolower                                  0x08026a15   Thumb Code    26  tolower.o(.text)
    toupper                                  0x08026a2f   Thumb Code    30  toupper.o(.text)
    __c89vsnprintf                           0x08026a4d   Thumb Code    46  c89vsnprintf.o(.text)
    __2printf                                0x08026a81   Thumb Code    20  __2printf.o(.text)
    __2sprintf                               0x08026a99   Thumb Code    38  __2sprintf.o(.text)
    _printf_pre_padding                      0x08026ac5   Thumb Code    46  _printf_pad.o(.text)
    _printf_post_padding                     0x08026af3   Thumb Code    36  _printf_pad.o(.text)
    _printf_str                              0x08026b17   Thumb Code    82  _printf_str.o(.text)
    _printf_int_dec                          0x08026b69   Thumb Code   102  _printf_dec.o(.text)
    _printf_longlong_hex                     0x08026be1   Thumb Code    92  _printf_hex_int_ll_ptr.o(.text)
    _printf_int_hex                          0x08026c3d   Thumb Code    28  _printf_hex_int_ll_ptr.o(.text)
    _printf_ll_hex                           0x08026c59   Thumb Code    12  _printf_hex_int_ll_ptr.o(.text)
    _printf_hex_ptr                          0x08026c65   Thumb Code    18  _printf_hex_int_ll_ptr.o(.text)
    __printf                                 0x08026c7d   Thumb Code   390  __printf_flags_ss_wp.o(.text)
    atoi                                     0x08026e09   Thumb Code    26  atoi.o(.text)
    strtol                                   0x08026e23   Thumb Code   112  strtol.o(.text)
    srand                                    0x08026e95   Thumb Code    42  rand.o(.text)
    _rand_init                               0x08026ebf   Thumb Code     4  rand.o(.text)
    strtok                                   0x08026ed1   Thumb Code     6  strtok.o(.text)
    strchr                                   0x08026edd   Thumb Code    20  strchr.o(.text)
    strstr                                   0x08026ef1   Thumb Code    36  strstr.o(.text)
    memcmp                                   0x08026f15   Thumb Code    88  memcmp.o(.text)
    strcpy                                   0x08026f6d   Thumb Code    72  strcpy.o(.text)
    strlen                                   0x08026fb5   Thumb Code    62  strlen.o(.text)
    strncmp                                  0x08026ff3   Thumb Code   150  strncmp.o(.text)
    __aeabi_memcpy                           0x08027089   Thumb Code     0  rt_memcpy_v6.o(.text)
    __rt_memcpy                              0x08027089   Thumb Code   138  rt_memcpy_v6.o(.text)
    _memcpy_lastbytes                        0x080270ef   Thumb Code     0  rt_memcpy_v6.o(.text)
    __aeabi_memcpy4                          0x08027113   Thumb Code     0  rt_memcpy_w.o(.text)
    __aeabi_memcpy8                          0x08027113   Thumb Code     0  rt_memcpy_w.o(.text)
    __rt_memcpy_w                            0x08027113   Thumb Code   100  rt_memcpy_w.o(.text)
    _memcpy_lastbytes_aligned                0x0802715b   Thumb Code     0  rt_memcpy_w.o(.text)
    __aeabi_memclr                           0x08027177   Thumb Code     0  rt_memclr.o(.text)
    __rt_memclr                              0x08027177   Thumb Code    68  rt_memclr.o(.text)
    _memset                                  0x0802717b   Thumb Code     0  rt_memclr.o(.text)
    __aeabi_memclr4                          0x080271bb   Thumb Code     0  rt_memclr_w.o(.text)
    __aeabi_memclr8                          0x080271bb   Thumb Code     0  rt_memclr_w.o(.text)
    __rt_memclr_w                            0x080271bb   Thumb Code    78  rt_memclr_w.o(.text)
    _memset_w                                0x080271bf   Thumb Code     0  rt_memclr_w.o(.text)
    strcmp                                   0x08027209   Thumb Code   128  strcmpv7m.o(.text)
    __use_two_region_memory                  0x08027289   Thumb Code     2  heapauxi.o(.text)
    __rt_heap_escrow$2region                 0x0802728b   Thumb Code     2  heapauxi.o(.text)
    __rt_heap_expand$2region                 0x0802728d   Thumb Code     2  heapauxi.o(.text)
    __I$use$semihosting                      0x0802728f   Thumb Code     0  use_no_semi.o(.text)
    __use_no_semihosting_swi                 0x0802728f   Thumb Code     2  use_no_semi.o(.text)
    __rt_locale                              0x08027291   Thumb Code     8  rt_locale_intlibspace.o(.text)
    __aeabi_errno_addr                       0x08027299   Thumb Code     8  rt_errno_addr_intlibspace.o(.text)
    __errno$intlibspace                      0x08027299   Thumb Code     0  rt_errno_addr_intlibspace.o(.text)
    __rt_errno_addr$intlibspace              0x08027299   Thumb Code     0  rt_errno_addr_intlibspace.o(.text)
    _printf_truncate_signed                  0x080272a1   Thumb Code    18  _printf_truncate.o(.text)
    _printf_truncate_unsigned                0x080272b3   Thumb Code    18  _printf_truncate.o(.text)
    _printf_int_common                       0x080272c5   Thumb Code   184  _printf_intcommon.o(.text)
    _printf_charcount                        0x0802737d   Thumb Code    42  _printf_charcount.o(.text)
    __lib_sel_fp_printf                      0x080273a7   Thumb Code     2  _printf_fp_dec.o(.text)
    _printf_fp_dec_real                      0x08027553   Thumb Code   626  _printf_fp_dec.o(.text)
    _printf_char_common                      0x080277cf   Thumb Code    32  _printf_char_common.o(.text)
    _sputc                                   0x080277f5   Thumb Code    10  _sputc.o(.text)
    _snputc                                  0x080277ff   Thumb Code    16  _snputc.o(.text)
    _printf_cs_common                        0x0802780f   Thumb Code    20  _printf_char.o(.text)
    _printf_char                             0x08027823   Thumb Code    16  _printf_char.o(.text)
    _printf_string                           0x08027833   Thumb Code     8  _printf_char.o(.text)
    _printf_char_file                        0x0802783d   Thumb Code    32  _printf_char_file.o(.text)
    _printf_wctomb                           0x08027861   Thumb Code   182  _printf_wctomb.o(.text)
    _printf_longlong_dec                     0x0802791d   Thumb Code   104  _printf_longlong_dec.o(.text)
    _printf_longlong_oct                     0x08027995   Thumb Code    76  _printf_oct_int_ll.o(.text)
    _printf_int_oct                          0x080279e1   Thumb Code    24  _printf_oct_int_ll.o(.text)
    _printf_ll_oct                           0x080279f9   Thumb Code    12  _printf_oct_int_ll.o(.text)
    _strtoul                                 0x08027a0d   Thumb Code   158  _strtoul.o(.text)
    __strtod_int                             0x08027ae9   Thumb Code    88  strtod.o(.text)
    __strtok_internal                        0x08027b4d   Thumb Code    64  strtok_int.o(.text)
    __user_libspace                          0x08027b91   Thumb Code     8  libspace.o(.text)
    __user_perproc_libspace                  0x08027b91   Thumb Code     0  libspace.o(.text)
    __user_perthread_libspace                0x08027b91   Thumb Code     0  libspace.o(.text)
    _ll_udiv10                               0x08027b99   Thumb Code   138  lludiv10.o(.text)
    isspace                                  0x08027c23   Thumb Code    18  isspace.o(.text)
    _printf_fp_infnan                        0x08027c35   Thumb Code   112  _printf_fp_infnan.o(.text)
    _printf_lcs_common                       0x08027cb5   Thumb Code    20  _printf_wchar.o(.text)
    _printf_wchar                            0x08027cc9   Thumb Code    16  _printf_wchar.o(.text)
    _printf_wstring                          0x08027cd9   Thumb Code     8  _printf_wchar.o(.text)
    _chval                                   0x08027ce1   Thumb Code    28  _chval.o(.text)
    _sgetc                                   0x08027cfd   Thumb Code    30  _sgetc.o(.text)
    _sbackspace                              0x08027d1b   Thumb Code    34  _sgetc.o(.text)
    _btod_etento                             0x08027d3d   Thumb Code   222  bigflt0.o(.text)
    ferror                                   0x08027e21   Thumb Code     8  ferror.o(.text)
    _wcrtomb                                 0x08027e29   Thumb Code    64  _wcrtomb.o(.text)
    strcspn                                  0x08027e69   Thumb Code    32  strcspn.o(.text)
    strspn                                   0x08027e89   Thumb Code    28  strspn.o(.text)
    __user_setup_stackheap                   0x08027ea5   Thumb Code    74  sys_stackheap_outer.o(.text)
    _scanf_really_real                       0x080280e7   Thumb Code   676  scanf_fp.o(.text)
    exit                                     0x08028399   Thumb Code    12  exit.o(.text)
    __rt_fp_status_addr                      0x080283a5   Thumb Code     8  rt_fp_status_addr_intlibspace.o(.text)
    __read_errno                             0x080283ad   Thumb Code    10  _rserrno.o(.text)
    __set_errno                              0x080283b7   Thumb Code    12  _rserrno.o(.text)
    _scanf_really_hex_real                   0x080283c5   Thumb Code   782  scanf_hexfp.o(.text)
    _scanf_really_infnan                     0x080286e1   Thumb Code   298  scanf_infnan.o(.text)
    __aeabi_llsl                             0x0802881d   Thumb Code     0  llshl.o(.text)
    _ll_shift_l                              0x0802881d   Thumb Code    38  llshl.o(.text)
    _btod_d2e                                0x08028843   Thumb Code    62  btod.o(CL$$btod_d2e)
    _d2e_denorm_low                          0x08028881   Thumb Code    70  btod.o(CL$$btod_d2e_denorm_low)
    _d2e_norm_op1                            0x080288c7   Thumb Code    96  btod.o(CL$$btod_d2e_norm_op1)
    __btod_div_common                        0x08028927   Thumb Code   696  btod.o(CL$$btod_div_common)
    _e2d                                     0x08028c61   Thumb Code    80  btod.o(CL$$btod_e2d)
    _e2e                                     0x08028cb5   Thumb Code   198  btod.o(CL$$btod_e2e)
    _btod_ediv                               0x08028d7b   Thumb Code    40  btod.o(CL$$btod_ediv)
    _btod_edivd                              0x08028da3   Thumb Code    40  btod.o(CL$$btod_edivd)
    _btod_emul                               0x08028dcb   Thumb Code    40  btod.o(CL$$btod_emul)
    _btod_emuld                              0x08028df3   Thumb Code    40  btod.o(CL$$btod_emuld)
    __btod_mult_common                       0x08028e1b   Thumb Code   580  btod.o(CL$$btod_mult_common)
    __ARM_fpclassify                         0x0802905f   Thumb Code    40  fpclassify.o(i.__ARM_fpclassify)
    __mathlib_dbl_underflow                  0x08029089   Thumb Code    10  dunder.o(i.__mathlib_dbl_underflow)
    __mathlib_narrow                         0x08029099   Thumb Code    16  narrow.o(i.__mathlib_narrow)
    __mathlib_tofloat                        0x080290a9   Thumb Code   132  narrow.o(i.__mathlib_tofloat)
    __support_ldexp                          0x08029131   Thumb Code    22  ldexp.o(i.__support_ldexp)
    _is_digit                                0x08029147   Thumb Code    14  __printf_wp.o(i._is_digit)
    floor                                    0x08029155   Thumb Code   204  floor.o(i.floor)
    frexp                                    0x08029231   Thumb Code    80  frexp.o(i.frexp)
    ldexp                                    0x08029289   Thumb Code   126  ldexp.o(i.ldexp)
    strtod                                   0x08029307   Thumb Code    28  strtod.o(i.strtod)
    _get_lc_ctype                            0x08029325   Thumb Code    44  lc_ctype_c.o(locale$$code)
    _get_lc_numeric                          0x08029351   Thumb Code    44  lc_numeric_c.o(locale$$code)
    __aeabi_d2f                              0x0802937d   Thumb Code     0  d2f.o(x$fpl$d2f)
    _d2f                                     0x0802937d   Thumb Code    98  d2f.o(x$fpl$d2f)
    __aeabi_dadd                             0x080293e1   Thumb Code     0  daddsub_clz.o(x$fpl$dadd)
    _dadd                                    0x080293e1   Thumb Code   332  daddsub_clz.o(x$fpl$dadd)
    __fpl_dcheck_NaN1                        0x08029531   Thumb Code    10  dcheck1.o(x$fpl$dcheck1)
    __fpl_dcmp_Inf                           0x08029541   Thumb Code    24  dcmpi.o(x$fpl$dcmpinf)
    __aeabi_ddiv                             0x08029559   Thumb Code     0  ddiv.o(x$fpl$ddiv)
    _ddiv                                    0x08029559   Thumb Code   552  ddiv.o(x$fpl$ddiv)
    __aeabi_cdcmpeq                          0x08029809   Thumb Code     0  deqf.o(x$fpl$deqf)
    _dcmpeq                                  0x08029809   Thumb Code   120  deqf.o(x$fpl$deqf)
    __aeabi_d2iz                             0x08029881   Thumb Code     0  dfix.o(x$fpl$dfix)
    _dfix                                    0x08029881   Thumb Code    94  dfix.o(x$fpl$dfix)
    __aeabi_d2uiz                            0x080298e1   Thumb Code     0  dfixu.o(x$fpl$dfixu)
    _dfixu                                   0x080298e1   Thumb Code    90  dfixu.o(x$fpl$dfixu)
    __aeabi_i2d                              0x0802993b   Thumb Code     0  dflt_clz.o(x$fpl$dflt)
    _dflt                                    0x0802993b   Thumb Code    46  dflt_clz.o(x$fpl$dflt)
    __aeabi_ui2d                             0x08029969   Thumb Code     0  dflt_clz.o(x$fpl$dfltu)
    _dfltu                                   0x08029969   Thumb Code    38  dflt_clz.o(x$fpl$dfltu)
    __aeabi_cdcmple                          0x08029991   Thumb Code     0  dleqf.o(x$fpl$dleqf)
    _dcmple                                  0x08029991   Thumb Code   120  dleqf.o(x$fpl$dleqf)
    __fpl_dcmple_InfNaN                      0x080299f3   Thumb Code     0  dleqf.o(x$fpl$dleqf)
    __aeabi_dmul                             0x08029a09   Thumb Code     0  dmul.o(x$fpl$dmul)
    _dmul                                    0x08029a09   Thumb Code   332  dmul.o(x$fpl$dmul)
    __fpl_dnaninf                            0x08029b5d   Thumb Code   156  dnaninf.o(x$fpl$dnaninf)
    __fpl_dretinf                            0x08029bf9   Thumb Code    12  dretinf.o(x$fpl$dretinf)
    __aeabi_cdrcmple                         0x08029c05   Thumb Code     0  drleqf.o(x$fpl$drleqf)
    _drcmple                                 0x08029c05   Thumb Code   108  drleqf.o(x$fpl$drleqf)
    __aeabi_drsub                            0x08029c71   Thumb Code     0  daddsub_clz.o(x$fpl$drsb)
    _drsb                                    0x08029c71   Thumb Code    22  daddsub_clz.o(x$fpl$drsb)
    __aeabi_dsub                             0x08029c89   Thumb Code     0  daddsub_clz.o(x$fpl$dsub)
    _dsub                                    0x08029c89   Thumb Code   464  daddsub_clz.o(x$fpl$dsub)
    __aeabi_f2d                              0x08029e5d   Thumb Code     0  f2d.o(x$fpl$f2d)
    _f2d                                     0x08029e5d   Thumb Code    86  f2d.o(x$fpl$f2d)
    __aeabi_fadd                             0x08029eb5   Thumb Code     0  faddsub_clz.o(x$fpl$fadd)
    _fadd                                    0x08029eb5   Thumb Code   196  faddsub_clz.o(x$fpl$fadd)
    __fpl_fcmp_Inf                           0x08029f79   Thumb Code    24  fcmpi.o(x$fpl$fcmpinf)
    __aeabi_fdiv                             0x08029f91   Thumb Code     0  fdiv.o(x$fpl$fdiv)
    _fdiv                                    0x08029f91   Thumb Code   384  fdiv.o(x$fpl$fdiv)
    __aeabi_i2f                              0x0802a115   Thumb Code     0  fflt_clz.o(x$fpl$fflt)
    _fflt                                    0x0802a115   Thumb Code    48  fflt_clz.o(x$fpl$fflt)
    __aeabi_ui2f                             0x0802a145   Thumb Code     0  fflt_clz.o(x$fpl$ffltu)
    _ffltu                                   0x0802a145   Thumb Code    38  fflt_clz.o(x$fpl$ffltu)
    __aeabi_cfcmple                          0x0802a16d   Thumb Code     0  fleqf.o(x$fpl$fleqf)
    _fcmple                                  0x0802a16d   Thumb Code   104  fleqf.o(x$fpl$fleqf)
    __fpl_fcmple_InfNaN                      0x0802a1bf   Thumb Code     0  fleqf.o(x$fpl$fleqf)
    __fpl_fnaninf                            0x0802a1d5   Thumb Code   140  fnaninf.o(x$fpl$fnaninf)
    _fp_init                                 0x0802a261   Thumb Code    14  fpinit.o(x$fpl$fpinit)
    __fplib_config_pureend_doubles           0x0802a26d   Thumb Code     0  fpinit.o(x$fpl$fpinit)
    __fpl_fretinf                            0x0802a26f   Thumb Code    10  fretinf.o(x$fpl$fretinf)
    __aeabi_cfrcmple                         0x0802a279   Thumb Code     0  frleqf.o(x$fpl$frleqf)
    _frcmple                                 0x0802a279   Thumb Code    98  frleqf.o(x$fpl$frleqf)
    __aeabi_fsub                             0x0802a2dd   Thumb Code     0  faddsub_clz.o(x$fpl$fsub)
    _fsub                                    0x0802a2dd   Thumb Code   234  faddsub_clz.o(x$fpl$fsub)
    _printf_fp_dec                           0x0802a3c7   Thumb Code     4  printf1.o(x$fpl$printf1)
    __fpl_return_NaN                         0x0802a3cb   Thumb Code   100  retnan.o(x$fpl$retnan)
    __ARM_scalbn                             0x0802a42f   Thumb Code    92  scalbn.o(x$fpl$scalbn)
    _scanf_real                              0x0802a48b   Thumb Code     4  scanf1.o(x$fpl$scanf1)
    _scanf_hex_real                          0x0802a48f   Thumb Code     4  scanf2.o(x$fpl$scanf2)
    _scanf_infnan                            0x0802a493   Thumb Code     4  scanf2.o(x$fpl$scanf2)
    __fpl_cmpreturn                          0x0802a497   Thumb Code    48  trapv.o(x$fpl$trapveneer)
    __I$use$fp                               0x0802a4c7   Thumb Code     0  usenofp.o(x$fpl$usenofp)
    memtblsize                               0x0802a62c   Data           8  malloc.o(.constdata)
    memblksize                               0x0802a634   Data           8  malloc.o(.constdata)
    memsize                                  0x0802a63c   Data           8  malloc.o(.constdata)
    file__a_shtml                            0x08030130   Data          20  fs.o(.constdata)
    file__b_shtml                            0x08030144   Data          20  fs.o(.constdata)
    file__index_html                         0x08030158   Data          20  fs.o(.constdata)
    g_psDefaultFilenames                     0x0803016c   Data          40  httpd.o(.constdata)
    g_pcTagLeadIn                            0x08030194   Data           4  httpd.o(.constdata)
    g_pcTagLeadOut                           0x08030198   Data           4  httpd.o(.constdata)
    _http_get                                0x08030328   Data         122  http.o(.constdata)
    ethbroadcast                             0x080303ac   Data           6  etharp.o(.constdata)
    ethzero                                  0x080303b2   Data           6  etharp.o(.constdata)
    ip_addr_any                              0x080303fc   Data           4  ip_addr.o(.constdata)
    ip_addr_broadcast                        0x08030400   Data           4  ip_addr.o(.constdata)
    tcp_state_str                            0x08030440   Data          44  tcp.o(.constdata)
    tcp_backoff                              0x0803046c   Data          13  tcp.o(.constdata)
    tcp_persist_backoff                      0x08030479   Data           7  tcp.o(.constdata)
    tcp_pcb_lists                            0x08030480   Data          16  tcp.o(.constdata)
    pvNullPointer                            0x080304e8   Data           4  sys_arch.o(.constdata)
    OSUnMapTbl                               0x0803052c   Data         256  os_core.o(.constdata)
    Region$$Table$$Base                      0x080308cc   Number         0  anon$$obj.o(Region$$Table)
    Region$$Table$$Limit                     0x080308ec   Number         0  anon$$obj.o(Region$$Table)
    __aeabi_HUGE_VAL                         0x080308ec   Data           0  fpconst.o(c$$dinf)
    __aeabi_HUGE_VALL                        0x080308ec   Data           0  fpconst.o(c$$dinf)
    __aeabi_INFINITY                         0x080308ec   Data           0  fpconst.o(c$$dinf)
    __dInf                                   0x080308ec   Data           0  fpconst.o(c$$dinf)
    __huge_val                               0x080308ec   Data           0  fpconst.o(c$$dinf)
    __ctype                                  0x08030901   Data           0  lc_ctype_c.o(locale$$data)
    PowerSave                                0x20000000   Data           1  main.o(.data)
    SystemCoreClock                          0x20000004   Data           4  system_stm32f10x.o(.data)
    AHBPrescTable                            0x20000008   Data          16  system_stm32f10x.o(.data)
    USART_RX_STA                             0x2000001c   Data           2  usart.o(.data)
    __stdout                                 0x20000020   Data           4  usart.o(.data)
    auchCRCHi                                0x20000024   Data         256  mod.o(.data)
    auchCRCLo                                0x20000124   Data         256  mod.o(.data)
    BUFLENGTH                                0x20000224   Data           4  usart2.o(.data)
    Is485                                    0x20000228   Data           1  usart2.o(.data)
    coun485                                  0x20000229   Data           1  usart2.o(.data)
    DISTYPE                                  0x2000022c   Data           4  usart3.o(.data)
    dis_buf                                  0x20000230   Data           3  usart3.o(.data)
    DISLENGTH                                0x20000234   Data           4  usart3.o(.data)
    DISNUM                                   0x20000238   Data           4  usart3.o(.data)
    DISCOUNT                                 0x2000023c   Data           4  usart3.o(.data)
    WDIS                                     0x20000240   Data           4  usart3.o(.data)
    Ver                                      0x20000244   Data           1  stmflash.o(.data)
    mallco_dev                               0x20000260   Data          28  malloc.o(.data)
    usmart_nametab                           0x2000027c   Data          24  usmart_config.o(.data)
    usmart_dev                               0x20000294   Data         244  usmart_config.o(.data)
    LWIP_DHCP_TASK_STK                       0x20000388   Data           4  lwip_comm.o(.data)
    LWIP_DM9000_INPUT_TASK_STK               0x2000038c   Data           4  lwip_comm.o(.data)
    TCPIP_THREAD_TASK_STK                    0x20000390   Data           4  lwip_comm.o(.data)
    dm9000input                              0x20000394   Data           4  lwip_comm.o(.data)
    dm9000lock                               0x20000398   Data           4  lwip_comm.o(.data)
    g_pcSSIExtensions                        0x2000039c   Data          16  httpd.o(.data)
    g_pfnSSIHandler                          0x200003ac   Data           4  httpd.o(.data)
    g_iNumTags                               0x200003b0   Data           4  httpd.o(.data)
    g_ppcTags                                0x200003b4   Data           4  httpd.o(.data)
    g_pCGIs                                  0x200003b8   Data           4  httpd.o(.data)
    g_iNumCGIs                               0x200003bc   Data           4  httpd.o(.data)
    boo                                      0x200003c0   Data           1  httpd_cgi_ssi.o(.data)
    bnum                                     0x200003c1   Data           5  httpd_cgi_ssi.o(.data)
    IsTran                                   0x200003d0   Data           1  tcp_client_demo.o(.data)
    islink                                   0x200003d1   Data           1  tcp_client_demo.o(.data)
    IsDown                                   0x200003d2   Data           1  tcp_client_demo.o(.data)
    tcp_clientconn                           0x200003dc   Data           4  tcp_client_demo.o(.data)
    tcp_client_flag                          0x200003e0   Data           1  tcp_client_demo.o(.data)
    TIM5NUM                                  0x200003e4   Data           4  tcp_client_demo.o(.data)
    IsSend                                   0x200003e8   Data           1  tcp_client_demo.o(.data)
    current_netif                            0x200003f4   Data           4  ip.o(.data)
    current_header                           0x200003f8   Data           4  ip.o(.data)
    current_iphdr_src                        0x200003fc   Data           4  ip.o(.data)
    current_iphdr_dest                       0x20000400   Data           4  ip.o(.data)
    ram_heap                                 0x20000424   Data           4  mem.o(.data)
    memp_memory                              0x20000474   Data           4  memp.o(.data)
    netif_list                               0x20000478   Data           4  netif.o(.data)
    netif_default                            0x2000047c   Data           4  netif.o(.data)
    pbuf_free_ooseq_pending                  0x20000481   Data           1  pbuf.o(.data)
    tcp_ticks                                0x20000490   Data           4  tcp.o(.data)
    tcp_bound_pcbs                           0x20000494   Data           4  tcp.o(.data)
    tcp_listen_pcbs                          0x20000498   Data           4  tcp.o(.data)
    tcp_active_pcbs                          0x2000049c   Data           4  tcp.o(.data)
    tcp_tw_pcbs                              0x200004a0   Data           4  tcp.o(.data)
    tcp_tmp_pcb                              0x200004a4   Data           4  tcp.o(.data)
    tcp_active_pcbs_changed                  0x200004a8   Data           1  tcp.o(.data)
    tcp_input_pcb                            0x200004c8   Data           4  tcp_in.o(.data)
    udp_pcbs                                 0x200004d8   Data           4  udp.o(.data)
    h_errno                                  0x200004ec   Data           4  netdb.o(.data)
    OSCtxSwCtr                               0x20000504   Data           4  os_core.o(.data)
    OSEventFreeList                          0x20000508   Data           4  os_core.o(.data)
    OSFlagFreeList                           0x2000050c   Data           4  os_core.o(.data)
    OSCPUUsage                               0x20000510   Data           1  os_core.o(.data)
    OSIdleCtrMax                             0x20000514   Data           4  os_core.o(.data)
    OSIdleCtrRun                             0x20000518   Data           4  os_core.o(.data)
    OSStatRdy                                0x2000051c   Data           1  os_core.o(.data)
    OSIntNesting                             0x2000051d   Data           1  os_core.o(.data)
    OSLockNesting                            0x2000051e   Data           1  os_core.o(.data)
    OSPrioCur                                0x2000051f   Data           1  os_core.o(.data)
    OSPrioHighRdy                            0x20000520   Data           1  os_core.o(.data)
    OSRdyGrp                                 0x20000521   Data           1  os_core.o(.data)
    OSRdyTbl                                 0x20000522   Data           8  os_core.o(.data)
    OSRunning                                0x2000052a   Data           1  os_core.o(.data)
    OSTaskCtr                                0x2000052b   Data           1  os_core.o(.data)
    OSIdleCtr                                0x2000052c   Data           4  os_core.o(.data)
    OSTCBCur                                 0x20000530   Data           4  os_core.o(.data)
    OSTCBFreeList                            0x20000534   Data           4  os_core.o(.data)
    OSTCBHighRdy                             0x20000538   Data           4  os_core.o(.data)
    OSTCBList                                0x2000053c   Data           4  os_core.o(.data)
    OSTickStepState                          0x20000540   Data           1  os_core.o(.data)
    OSQFreeList                              0x20000544   Data           4  os_core.o(.data)
    OSTime                                   0x20000548   Data           4  os_core.o(.data)
    POW_TASK_STK                             0x20000550   Data         256  main.o(.bss)
    ReadDATA_TASK_STK                        0x20000650   Data         256  main.o(.bss)
    START_TASK_STK                           0x20000750   Data         512  main.o(.bss)
    BEEP_TASK_STK                            0x20000950   Data         256  main.o(.bss)
    USART_RX_BUF                             0x20000a50   Data         200  usart.o(.bss)
    dm9000cfg                                0x20000b18   Data          18  dm9000.o(.bss)
    read_buf                                 0x20000b2a   Data          19  usart2.o(.bss)
    my_data                                  0x20000b40   Data         160  stmflash.o(.bss)
    STMFLASH_BUF                             0x20000be0   Data        2048  stmflash.o(.bss)
    mem1base                                 0x200013f0   Data       40960  malloc.o(.bss)
    mem1mapbase                              0x2000b3f0   Data        2560  malloc.o(.bss)
    lwipdev                                  0x2000bdf0   Data          23  lwip_comm.o(.bss)
    lwip_netif                               0x2000be08   Data          48  lwip_comm.o(.bss)
    fs_memory                                0x2000be38   Data         240  fs.o(.bss)
    tcp_client_recvbuf                       0x2000c328   Data        2000  tcp_client_demo.o(.bss)
    tcp_client_sendbuf                       0x2000caf8   Data         256  tcp_client_demo.o(.bss)
    TCPCLIENT_TASK_STK                       0x2000cbf8   Data        1200  tcp_client_demo.o(.bss)
    iapbuf                                   0x2000d0a8   Data        2049  http.o(.bss)
    sizechar                                 0x2000d8a9   Data          10  http.o(.bss)
    OSEventTbl                               0x2000e0b4   Data         360  os_core.o(.bss)
    OSFlagTbl                                0x2000e21c   Data          80  os_core.o(.bss)
    OSTaskStatStk                            0x2000e26c   Data         256  os_core.o(.bss)
    OSTaskIdleStk                            0x2000e36c   Data         256  os_core.o(.bss)
    OSTCBPrioTbl                             0x2000e46c   Data         256  os_core.o(.bss)
    OSTCBTbl                                 0x2000e56c   Data        1848  os_core.o(.bss)
    OSQTbl                                   0x2000eca4   Data         120  os_core.o(.bss)
    _random_number_data                      0x2000ed1c   Data         228  rand.o(.bss)
    __libspace_start                         0x2000ee00   Data          96  libspace.o(.bss)
    __temporary_stack_top$libspace           0x2000ee60   Data           0  libspace.o(.bss)
    mem2base                                 0x68000000   Data       196608  malloc.o(.ARM.__AT_0x68000000)
    mem2mapbase                              0x68030000   Data       12288  malloc.o(.ARM.__AT_0x68030000)



==============================================================================

Memory Map of the image

  Image Entry point : 0x08007931

  Load Region LR_IROM1 (Base: 0x08007800, Size: 0x00029770, Max: 0x00078800, ABSOLUTE, COMPRESSED[0x00029400])

    Execution Region ER_IROM1 (Base: 0x08007800, Size: 0x00029220, Max: 0x00078800, ABSOLUTE)

    Base Addr    Size         Type   Attr      Idx    E Section Name        Object

    0x08007800   0x00000130   Data   RO          276    RESET               startup_stm32f10x_hd.o
    0x08007930   0x00000008   Code   RO         1885  * !!!main             c_w.l(__main.o)
    0x08007938   0x00000034   Code   RO         2296    !!!scatter          c_w.l(__scatter.o)
    0x0800796c   0x0000005a   Code   RO         2294    !!dczerorl2         c_w.l(__dczerorl2.o)
    0x080079c6   0x00000002   PAD
    0x080079c8   0x0000001c   Code   RO         2298    !!handler_zi        c_w.l(__scatter_zi.o)
    0x080079e4   0x00000000   Code   RO         1848    .ARM.Collect$$_printf_percent$$00000000  c_w.l(_printf_percent.o)
    0x080079e4   0x00000006   Code   RO         1994    .ARM.Collect$$_printf_percent$$00000001  c_w.l(_printf_n.o)
    0x080079ea   0x00000006   Code   RO         1995    .ARM.Collect$$_printf_percent$$00000002  c_w.l(_printf_p.o)
    0x080079f0   0x00000006   Code   RO         1846    .ARM.Collect$$_printf_percent$$00000003  c_w.l(_printf_f.o)
    0x080079f6   0x00000006   Code   RO         1847    .ARM.Collect$$_printf_percent$$00000004  c_w.l(_printf_e.o)
    0x080079fc   0x00000006   Code   RO         1998    .ARM.Collect$$_printf_percent$$00000005  c_w.l(_printf_g.o)
    0x08007a02   0x00000006   Code   RO         1999    .ARM.Collect$$_printf_percent$$00000006  c_w.l(_printf_a.o)
    0x08007a08   0x0000000a   Code   RO         2004    .ARM.Collect$$_printf_percent$$00000007  c_w.l(_printf_ll.o)
    0x08007a12   0x00000006   Code   RO         1844    .ARM.Collect$$_printf_percent$$00000008  c_w.l(_printf_i.o)
    0x08007a18   0x00000006   Code   RO         1845    .ARM.Collect$$_printf_percent$$00000009  c_w.l(_printf_d.o)
    0x08007a1e   0x00000006   Code   RO         1997    .ARM.Collect$$_printf_percent$$0000000A  c_w.l(_printf_u.o)
    0x08007a24   0x00000006   Code   RO         1996    .ARM.Collect$$_printf_percent$$0000000B  c_w.l(_printf_o.o)
    0x08007a2a   0x00000006   Code   RO         1843    .ARM.Collect$$_printf_percent$$0000000C  c_w.l(_printf_x.o)
    0x08007a30   0x00000006   Code   RO         2001    .ARM.Collect$$_printf_percent$$0000000D  c_w.l(_printf_lli.o)
    0x08007a36   0x00000006   Code   RO         2002    .ARM.Collect$$_printf_percent$$0000000E  c_w.l(_printf_lld.o)
    0x08007a3c   0x00000006   Code   RO         2003    .ARM.Collect$$_printf_percent$$0000000F  c_w.l(_printf_llu.o)
    0x08007a42   0x00000006   Code   RO         2008    .ARM.Collect$$_printf_percent$$00000010  c_w.l(_printf_llo.o)
    0x08007a48   0x00000006   Code   RO         2009    .ARM.Collect$$_printf_percent$$00000011  c_w.l(_printf_llx.o)
    0x08007a4e   0x0000000a   Code   RO         2005    .ARM.Collect$$_printf_percent$$00000012  c_w.l(_printf_l.o)
    0x08007a58   0x00000006   Code   RO         1993    .ARM.Collect$$_printf_percent$$00000013  c_w.l(_printf_c.o)
    0x08007a5e   0x00000006   Code   RO         1842    .ARM.Collect$$_printf_percent$$00000014  c_w.l(_printf_s.o)
    0x08007a64   0x00000006   Code   RO         2006    .ARM.Collect$$_printf_percent$$00000015  c_w.l(_printf_lc.o)
    0x08007a6a   0x00000006   Code   RO         2007    .ARM.Collect$$_printf_percent$$00000016  c_w.l(_printf_ls.o)
    0x08007a70   0x00000004   Code   RO         2000    .ARM.Collect$$_printf_percent$$00000017  c_w.l(_printf_percent_end.o)
    0x08007a74   0x00000006   Code   RO         2166    .ARM.Collect$$libinit$$00000000  c_w.l(libinit.o)
    0x08007a7a   0x00000000   Code   RO         2021    .ARM.Collect$$libinit$$00000006  c_w.l(libinit2.o)
    0x08007a7a   0x00000000   Code   RO         2023    .ARM.Collect$$libinit$$00000008  c_w.l(libinit2.o)
    0x08007a7a   0x00000004   Code   RO         2024    .ARM.Collect$$libinit$$00000009  c_w.l(libinit2.o)
    0x08007a7e   0x00000000   Code   RO         2025    .ARM.Collect$$libinit$$0000000A  c_w.l(libinit2.o)
    0x08007a7e   0x00000006   Code   RO         2026    .ARM.Collect$$libinit$$0000000B  c_w.l(libinit2.o)
    0x08007a84   0x00000000   Code   RO         2028    .ARM.Collect$$libinit$$0000000D  c_w.l(libinit2.o)
    0x08007a84   0x0000000c   Code   RO         2029    .ARM.Collect$$libinit$$0000000E  c_w.l(libinit2.o)
    0x08007a90   0x00000000   Code   RO         2030    .ARM.Collect$$libinit$$0000000F  c_w.l(libinit2.o)
    0x08007a90   0x00000000   Code   RO         2032    .ARM.Collect$$libinit$$00000011  c_w.l(libinit2.o)
    0x08007a90   0x0000000a   Code   RO         2033    .ARM.Collect$$libinit$$00000012  c_w.l(libinit2.o)
    0x08007a9a   0x00000000   Code   RO         2034    .ARM.Collect$$libinit$$00000013  c_w.l(libinit2.o)
    0x08007a9a   0x00000000   Code   RO         2036    .ARM.Collect$$libinit$$00000015  c_w.l(libinit2.o)
    0x08007a9a   0x00000000   Code   RO         2038    .ARM.Collect$$libinit$$00000017  c_w.l(libinit2.o)
    0x08007a9a   0x00000000   Code   RO         2040    .ARM.Collect$$libinit$$00000019  c_w.l(libinit2.o)
    0x08007a9a   0x00000000   Code   RO         2042    .ARM.Collect$$libinit$$0000001B  c_w.l(libinit2.o)
    0x08007a9a   0x00000000   Code   RO         2044    .ARM.Collect$$libinit$$0000001D  c_w.l(libinit2.o)
    0x08007a9a   0x00000000   Code   RO         2046    .ARM.Collect$$libinit$$0000001F  c_w.l(libinit2.o)
    0x08007a9a   0x00000000   Code   RO         2048    .ARM.Collect$$libinit$$00000021  c_w.l(libinit2.o)
    0x08007a9a   0x00000000   Code   RO         2052    .ARM.Collect$$libinit$$00000028  c_w.l(libinit2.o)
    0x08007a9a   0x00000000   Code   RO         2054    .ARM.Collect$$libinit$$0000002A  c_w.l(libinit2.o)
    0x08007a9a   0x00000000   Code   RO         2056    .ARM.Collect$$libinit$$0000002C  c_w.l(libinit2.o)
    0x08007a9a   0x00000000   Code   RO         2058    .ARM.Collect$$libinit$$0000002E  c_w.l(libinit2.o)
    0x08007a9a   0x00000002   Code   RO         2059    .ARM.Collect$$libinit$$0000002F  c_w.l(libinit2.o)
    0x08007a9c   0x00000002   Code   RO         2233    .ARM.Collect$$libshutdown$$00000000  c_w.l(libshutdown.o)
    0x08007a9e   0x00000000   Code   RO         2254    .ARM.Collect$$libshutdown$$00000003  c_w.l(libshutdown2.o)
    0x08007a9e   0x00000000   Code   RO         2257    .ARM.Collect$$libshutdown$$00000006  c_w.l(libshutdown2.o)
    0x08007a9e   0x00000000   Code   RO         2260    .ARM.Collect$$libshutdown$$00000009  c_w.l(libshutdown2.o)
    0x08007a9e   0x00000000   Code   RO         2262    .ARM.Collect$$libshutdown$$0000000B  c_w.l(libshutdown2.o)
    0x08007a9e   0x00000000   Code   RO         2265    .ARM.Collect$$libshutdown$$0000000E  c_w.l(libshutdown2.o)
    0x08007a9e   0x00000002   Code   RO         2266    .ARM.Collect$$libshutdown$$0000000F  c_w.l(libshutdown2.o)
    0x08007aa0   0x00000000   Code   RO         1953    .ARM.Collect$$rtentry$$00000000  c_w.l(rtentry.o)
    0x08007aa0   0x00000000   Code   RO         2077    .ARM.Collect$$rtentry$$00000002  c_w.l(rtentry2.o)
    0x08007aa0   0x00000006   Code   RO         2089    .ARM.Collect$$rtentry$$00000004  c_w.l(rtentry4.o)
    0x08007aa6   0x00000000   Code   RO         2079    .ARM.Collect$$rtentry$$00000009  c_w.l(rtentry2.o)
    0x08007aa6   0x00000004   Code   RO         2080    .ARM.Collect$$rtentry$$0000000A  c_w.l(rtentry2.o)
    0x08007aaa   0x00000000   Code   RO         2082    .ARM.Collect$$rtentry$$0000000C  c_w.l(rtentry2.o)
    0x08007aaa   0x00000008   Code   RO         2083    .ARM.Collect$$rtentry$$0000000D  c_w.l(rtentry2.o)
    0x08007ab2   0x00000002   Code   RO         2169    .ARM.Collect$$rtexit$$00000000  c_w.l(rtexit.o)
    0x08007ab4   0x00000000   Code   RO         2196    .ARM.Collect$$rtexit$$00000002  c_w.l(rtexit2.o)
    0x08007ab4   0x00000004   Code   RO         2197    .ARM.Collect$$rtexit$$00000003  c_w.l(rtexit2.o)
    0x08007ab8   0x00000006   Code   RO         2198    .ARM.Collect$$rtexit$$00000004  c_w.l(rtexit2.o)
    0x08007abe   0x00000002   PAD
    0x08007ac0   0x00000034   Code   RO         1853    .emb_text           c_w.l(rand.o)
    0x08007af4   0x00000918   Code   RO            1    .text               main.o
    0x0800840c   0x00000016   Code   RO          207    .text               stm32f10x_it.o
    0x08008422   0x00000002   PAD
    0x08008424   0x000001e0   Code   RO          245    .text               system_stm32f10x.o
    0x08008604   0x00000040   Code   RO          277    .text               startup_stm32f10x_hd.o
    0x08008644   0x00000138   Code   RO          281    .text               delay.o
    0x0800877c   0x00000160   Code   RO          311    .text               usart.o
    0x080088dc   0x00000838   Code   RO          334    .text               dm9000.o
    0x08009114   0x00000140   Code   RO          353    .text               adc.o
    0x08009254   0x000000b4   Code   RO          369    .text               pwm.o
    0x08009308   0x0000003c   Code   RO          381    .text               beep.o
    0x08009344   0x0000005c   Code   RO          393    .text               mod.o
    0x080093a0   0x00000894   Code   RO          411    .text               usart2.o
    0x08009c34   0x000003e0   Code   RO          429    .text               usart3.o
    0x0800a014   0x00000148   Code   RO          445    .text               exti.o
    0x0800a15c   0x000002e8   Code   RO          458    .text               stmflash.o
    0x0800a444   0x00001d7c   Code   RO          474    .text               cjson.o
    0x0800c1c0   0x00000078   Code   RO          516    .text               gpios.o
    0x0800c238   0x00000022   Code   RO          528    .text               lwdg.o
    0x0800c25a   0x00000002   PAD
    0x0800c25c   0x00000100   Code   RO          540    .text               misc.o
    0x0800c35c   0x00000688   Code   RO          552    .text               stm32f10x_fsmc.o
    0x0800c9e4   0x000003ac   Code   RO          564    .text               stm32f10x_gpio.o
    0x0800cd90   0x00000414   Code   RO          576    .text               stm32f10x_rcc.o
    0x0800d1a4   0x00000fd0   Code   RO          590    .text               stm32f10x_tim.o
    0x0800e174   0x000004a6   Code   RO          602    .text               stm32f10x_usart.o
    0x0800e61a   0x00000002   PAD
    0x0800e61c   0x00000148   Code   RO          614    .text               stm32f10x_exti.o
    0x0800e764   0x000004d8   Code   RO          626    .text               stm32f10x_adc.o
    0x0800ec3c   0x00000668   Code   RO          674    .text               stm32f10x_flash.o
    0x0800f2a4   0x00000044   Code   RO          686    .text               stm32f10x_iwdg.o
    0x0800f2e8   0x00000254   Code   RO          698    .text               malloc.o
    0x0800f53c   0x000007ec   Code   RO          720    .text               usmart.o
    0x0800fd28   0x000005c4   Code   RO          751    .text               usmart_str.o
    0x080102ec   0x000002e4   Code   RO          763    .text               lwip_comm.o
    0x080105d0   0x0000011c   Code   RO          852    .text               fs.o
    0x080106ec   0x00001374   Code   RO          877    .text               httpd.o
    0x08011a60   0x00001138   Code   RO          925    .text               httpd_cgi_ssi.o
    0x08012b98   0x00000ec0   Code   RO          947    .text               tcp_client_demo.o
    0x08013a58   0x000007b4   Code   RO          984    .text               http.o
    0x0801420c   0x00000ec0   Code   RO         1022    .text               etharp.o
    0x080150cc   0x00000170   Code   RO         1048    .text               ethernetif.o
    0x0801523c   0x00000468   Code   RO         1081    .text               icmp.o
    0x080156a4   0x000002cc   Code   RO         1108    .text               inet_chksum.o
    0x08015970   0x00000460   Code   RO         1120    .text               ip.o
    0x08015dd0   0x00000350   Code   RO         1161    .text               ip_addr.o
    0x08016120   0x00000a70   Code   RO         1190    .text               ip_frag.o
    0x08016b90   0x00000044   Code   RO         1207    .text               def.o
    0x08016bd4   0x00000808   Code   RO         1225    .text               dns.o
    0x080173dc   0x00000028   Code   RO         1243    .text               init.o
    0x08017404   0x00000774   Code   RO         1270    .text               mem.o
    0x08017b78   0x000001e4   Code   RO         1285    .text               memp.o
    0x08017d5c   0x00000344   Code   RO         1318    .text               netif.o
    0x080180a0   0x000011b2   Code   RO         1340    .text               pbuf.o
    0x08019252   0x00000002   PAD
    0x08019254   0x0000025c   Code   RO         1364    .text               raw.o
    0x080194b0   0x000015f0   Code   RO         1384    .text               tcp.o
    0x0801aaa0   0x00001e9c   Code   RO         1408    .text               tcp_in.o
    0x0801c93c   0x00001440   Code   RO         1431    .text               tcp_out.o
    0x0801dd7c   0x0000031c   Code   RO         1444    .text               timers.o
    0x0801e098   0x00000614   Code   RO         1458    .text               udp.o
    0x0801e6ac   0x00000418   Code   RO         1476    .text               sys_arch.o
    0x0801eac4   0x00000d04   Code   RO         1495    .text               api_lib.o
    0x0801f7c8   0x000018f0   Code   RO         1526    .text               api_msg.o
    0x080210b8   0x000003c4   Code   RO         1553    .text               netbuf.o
    0x0802147c   0x00000330   Code   RO         1565    .text               netdb.o
    0x080217ac   0x00001de0   Code   RO         1593    .text               sockets.o
    0x0802358c   0x000003d0   Code   RO         1609    .text               tcpip.o
    0x0802395c   0x00000a58   Code   RO         1632    .text               os_core.o
    0x080243b4   0x0000092c   Code   RO         1652    .text               os_flag.o
    0x08024ce0   0x000006e8   Code   RO         1682    .text               os_mutex.o
    0x080253c8   0x00000674   Code   RO         1694    .text               os_q.o
    0x08025a3c   0x000003f4   Code   RO         1706    .text               os_sem.o
    0x08025e30   0x00000870   Code   RO         1718    .text               os_task.o
    0x080266a0   0x000001dc   Code   RO         1730    .text               os_time.o
    0x0802687c   0x000000ce   Code   RO         1748    .text               os_cpu_c.o
    0x0802694a   0x00000002   PAD
    0x0802694c   0x000000b4   Code   RO         1770    .text               os_cpu_a.o
    0x08026a00   0x00000002   Code   RO         1775    .text               c_w.l(use_no_semi_2.o)
    0x08026a02   0x00000002   PAD
    0x08026a04   0x00000010   Code   RO         1777    .text               c_w.l(rt_ctype_table.o)
    0x08026a14   0x0000001a   Code   RO         1779    .text               c_w.l(tolower.o)
    0x08026a2e   0x0000001e   Code   RO         1781    .text               c_w.l(toupper.o)
    0x08026a4c   0x00000034   Code   RO         1783    .text               c_w.l(c89vsnprintf.o)
    0x08026a80   0x00000018   Code   RO         1785    .text               c_w.l(__2printf.o)
    0x08026a98   0x0000002c   Code   RO         1787    .text               c_w.l(__2sprintf.o)
    0x08026ac4   0x00000052   Code   RO         1795    .text               c_w.l(_printf_pad.o)
    0x08026b16   0x00000052   Code   RO         1797    .text               c_w.l(_printf_str.o)
    0x08026b68   0x00000078   Code   RO         1799    .text               c_w.l(_printf_dec.o)
    0x08026be0   0x0000009c   Code   RO         1819    .text               c_w.l(_printf_hex_int_ll_ptr.o)
    0x08026c7c   0x0000018c   Code   RO         1839    .text               c_w.l(__printf_flags_ss_wp.o)
    0x08026e08   0x0000001a   Code   RO         1849    .text               c_w.l(atoi.o)
    0x08026e22   0x00000070   Code   RO         1851    .text               c_w.l(strtol.o)
    0x08026e92   0x00000002   PAD
    0x08026e94   0x0000003c   Code   RO         1854    .text               c_w.l(rand.o)
    0x08026ed0   0x0000000c   Code   RO         1858    .text               c_w.l(strtok.o)
    0x08026edc   0x00000014   Code   RO         1861    .text               c_w.l(strchr.o)
    0x08026ef0   0x00000024   Code   RO         1863    .text               c_w.l(strstr.o)
    0x08026f14   0x00000058   Code   RO         1865    .text               c_w.l(memcmp.o)
    0x08026f6c   0x00000048   Code   RO         1867    .text               c_w.l(strcpy.o)
    0x08026fb4   0x0000003e   Code   RO         1869    .text               c_w.l(strlen.o)
    0x08026ff2   0x00000096   Code   RO         1871    .text               c_w.l(strncmp.o)
    0x08027088   0x0000008a   Code   RO         1873    .text               c_w.l(rt_memcpy_v6.o)
    0x08027112   0x00000064   Code   RO         1875    .text               c_w.l(rt_memcpy_w.o)
    0x08027176   0x00000044   Code   RO         1877    .text               c_w.l(rt_memclr.o)
    0x080271ba   0x0000004e   Code   RO         1879    .text               c_w.l(rt_memclr_w.o)
    0x08027208   0x00000080   Code   RO         1881    .text               c_w.l(strcmpv7m.o)
    0x08027288   0x00000006   Code   RO         1883    .text               c_w.l(heapauxi.o)
    0x0802728e   0x00000002   Code   RO         1951    .text               c_w.l(use_no_semi.o)
    0x08027290   0x00000008   Code   RO         1957    .text               c_w.l(rt_locale_intlibspace.o)
    0x08027298   0x00000008   Code   RO         1962    .text               c_w.l(rt_errno_addr_intlibspace.o)
    0x080272a0   0x00000024   Code   RO         1964    .text               c_w.l(_printf_truncate.o)
    0x080272c4   0x000000b8   Code   RO         1966    .text               c_w.l(_printf_intcommon.o)
    0x0802737c   0x0000002a   Code   RO         1968    .text               c_w.l(_printf_charcount.o)
    0x080273a6   0x0000041e   Code   RO         1970    .text               c_w.l(_printf_fp_dec.o)
    0x080277c4   0x00000030   Code   RO         1972    .text               c_w.l(_printf_char_common.o)
    0x080277f4   0x0000000a   Code   RO         1974    .text               c_w.l(_sputc.o)
    0x080277fe   0x00000010   Code   RO         1976    .text               c_w.l(_snputc.o)
    0x0802780e   0x0000002c   Code   RO         1978    .text               c_w.l(_printf_char.o)
    0x0802783a   0x00000002   PAD
    0x0802783c   0x00000024   Code   RO         1980    .text               c_w.l(_printf_char_file.o)
    0x08027860   0x000000bc   Code   RO         1982    .text               c_w.l(_printf_wctomb.o)
    0x0802791c   0x00000078   Code   RO         1985    .text               c_w.l(_printf_longlong_dec.o)
    0x08027994   0x00000078   Code   RO         1991    .text               c_w.l(_printf_oct_int_ll.o)
    0x08027a0c   0x0000009e   Code   RO         2010    .text               c_w.l(_strtoul.o)
    0x08027aaa   0x00000002   PAD
    0x08027aac   0x000000a0   Code   RO         2012    .text               c_w.l(strtod.o)
    0x08027b4c   0x00000044   Code   RO         2017    .text               c_w.l(strtok_int.o)
    0x08027b90   0x00000008   Code   RO         2073    .text               c_w.l(libspace.o)
    0x08027b98   0x0000008a   Code   RO         2091    .text               c_w.l(lludiv10.o)
    0x08027c22   0x00000012   Code   RO         2093    .text               c_w.l(isspace.o)
    0x08027c34   0x00000080   Code   RO         2095    .text               c_w.l(_printf_fp_infnan.o)
    0x08027cb4   0x0000002c   Code   RO         2099    .text               c_w.l(_printf_wchar.o)
    0x08027ce0   0x0000001c   Code   RO         2101    .text               c_w.l(_chval.o)
    0x08027cfc   0x00000040   Code   RO         2103    .text               c_w.l(_sgetc.o)
    0x08027d3c   0x000000e4   Code   RO         2105    .text               c_w.l(bigflt0.o)
    0x08027e20   0x00000008   Code   RO         2130    .text               c_w.l(ferror.o)
    0x08027e28   0x00000040   Code   RO         2134    .text               c_w.l(_wcrtomb.o)
    0x08027e68   0x00000020   Code   RO         2139    .text               c_w.l(strcspn.o)
    0x08027e88   0x0000001c   Code   RO         2141    .text               c_w.l(strspn.o)
    0x08027ea4   0x0000004a   Code   RO         2151    .text               c_w.l(sys_stackheap_outer.o)
    0x08027eee   0x00000002   PAD
    0x08027ef0   0x000004a8   Code   RO         2153    .text               c_w.l(scanf_fp.o)
    0x08028398   0x0000000c   Code   RO         2155    .text               c_w.l(exit.o)
    0x080283a4   0x00000008   Code   RO         2207    .text               c_w.l(rt_fp_status_addr_intlibspace.o)
    0x080283ac   0x00000016   Code   RO         2209    .text               c_w.l(_rserrno.o)
    0x080283c2   0x00000002   PAD
    0x080283c4   0x0000031c   Code   RO         2211    .text               c_w.l(scanf_hexfp.o)
    0x080286e0   0x0000013c   Code   RO         2213    .text               c_w.l(scanf_infnan.o)
    0x0802881c   0x00000026   Code   RO         2225    .text               c_w.l(llshl.o)
    0x08028842   0x0000003e   Code   RO         2108    CL$$btod_d2e        c_w.l(btod.o)
    0x08028880   0x00000046   Code   RO         2110    CL$$btod_d2e_denorm_low  c_w.l(btod.o)
    0x080288c6   0x00000060   Code   RO         2109    CL$$btod_d2e_norm_op1  c_w.l(btod.o)
    0x08028926   0x00000338   Code   RO         2118    CL$$btod_div_common  c_w.l(btod.o)
    0x08028c5e   0x00000002   PAD
    0x08028c60   0x00000054   Code   RO         2116    CL$$btod_e2d        c_w.l(btod.o)
    0x08028cb4   0x000000c6   Code   RO         2115    CL$$btod_e2e        c_w.l(btod.o)
    0x08028d7a   0x00000028   Code   RO         2112    CL$$btod_ediv       c_w.l(btod.o)
    0x08028da2   0x00000028   Code   RO         2114    CL$$btod_edivd      c_w.l(btod.o)
    0x08028dca   0x00000028   Code   RO         2111    CL$$btod_emul       c_w.l(btod.o)
    0x08028df2   0x00000028   Code   RO         2113    CL$$btod_emuld      c_w.l(btod.o)
    0x08028e1a   0x00000244   Code   RO         2117    CL$$btod_mult_common  c_w.l(btod.o)
    0x0802905e   0x00000028   Code   RO         2149    i.__ARM_fpclassify  m_ws.l(fpclassify.o)
    0x08029086   0x00000002   PAD
    0x08029088   0x00000010   Code   RO         2269    i.__mathlib_dbl_underflow  m_ws.l(dunder.o)
    0x08029098   0x00000010   Code   RO         2188    i.__mathlib_narrow  m_ws.l(narrow.o)
    0x080290a8   0x00000088   Code   RO         2189    i.__mathlib_tofloat  m_ws.l(narrow.o)
    0x08029130   0x00000016   Code   RO         2237    i.__support_ldexp   m_ws.l(ldexp.o)
    0x08029146   0x0000000e   Code   RO         1832    i._is_digit         c_w.l(__printf_wp.o)
    0x08029154   0x000000dc   Code   RO         1944    i.floor             m_ws.l(floor.o)
    0x08029230   0x00000058   Code   RO         2222    i.frexp             m_ws.l(frexp.o)
    0x08029288   0x0000007e   Code   RO         2238    i.ldexp             m_ws.l(ldexp.o)
    0x08029306   0x0000001c   Code   RO         1948    i.strtod            m_ws.l(strtod.o)
    0x08029322   0x00000002   PAD
    0x08029324   0x0000002c   Code   RO         2015    locale$$code        c_w.l(lc_ctype_c.o)
    0x08029350   0x0000002c   Code   RO         2137    locale$$code        c_w.l(lc_numeric_c.o)
    0x0802937c   0x00000062   Code   RO         2219    x$fpl$d2f           fz_ws.l(d2f.o)
    0x080293de   0x00000002   PAD
    0x080293e0   0x00000150   Code   RO         1887    x$fpl$dadd          fz_ws.l(daddsub_clz.o)
    0x08029530   0x00000010   Code   RO         2267    x$fpl$dcheck1       fz_ws.l(dcheck1.o)
    0x08029540   0x00000018   Code   RO         2060    x$fpl$dcmpinf       fz_ws.l(dcmpi.o)
    0x08029558   0x000002b0   Code   RO         1894    x$fpl$ddiv          fz_ws.l(ddiv.o)
    0x08029808   0x00000078   Code   RO         1897    x$fpl$deqf          fz_ws.l(deqf.o)
    0x08029880   0x0000005e   Code   RO         1899    x$fpl$dfix          fz_ws.l(dfix.o)
    0x080298de   0x00000002   PAD
    0x080298e0   0x0000005a   Code   RO         1903    x$fpl$dfixu         fz_ws.l(dfixu.o)
    0x0802993a   0x0000002e   Code   RO         1908    x$fpl$dflt          fz_ws.l(dflt_clz.o)
    0x08029968   0x00000026   Code   RO         1907    x$fpl$dfltu         fz_ws.l(dflt_clz.o)
    0x0802998e   0x00000002   PAD
    0x08029990   0x00000078   Code   RO         1913    x$fpl$dleqf         fz_ws.l(dleqf.o)
    0x08029a08   0x00000154   Code   RO         1915    x$fpl$dmul          fz_ws.l(dmul.o)
    0x08029b5c   0x0000009c   Code   RO         2062    x$fpl$dnaninf       fz_ws.l(dnaninf.o)
    0x08029bf8   0x0000000c   Code   RO         2064    x$fpl$dretinf       fz_ws.l(dretinf.o)
    0x08029c04   0x0000006c   Code   RO         1917    x$fpl$drleqf        fz_ws.l(drleqf.o)
    0x08029c70   0x00000016   Code   RO         1888    x$fpl$drsb          fz_ws.l(daddsub_clz.o)
    0x08029c86   0x00000002   PAD
    0x08029c88   0x000001d4   Code   RO         1889    x$fpl$dsub          fz_ws.l(daddsub_clz.o)
    0x08029e5c   0x00000056   Code   RO         1919    x$fpl$f2d           fz_ws.l(f2d.o)
    0x08029eb2   0x00000002   PAD
    0x08029eb4   0x000000c4   Code   RO         1921    x$fpl$fadd          fz_ws.l(faddsub_clz.o)
    0x08029f78   0x00000018   Code   RO         2066    x$fpl$fcmpinf       fz_ws.l(fcmpi.o)
    0x08029f90   0x00000184   Code   RO         1928    x$fpl$fdiv          fz_ws.l(fdiv.o)
    0x0802a114   0x00000030   Code   RO         1932    x$fpl$fflt          fz_ws.l(fflt_clz.o)
    0x0802a144   0x00000026   Code   RO         1931    x$fpl$ffltu         fz_ws.l(fflt_clz.o)
    0x0802a16a   0x00000002   PAD
    0x0802a16c   0x00000068   Code   RO         1937    x$fpl$fleqf         fz_ws.l(fleqf.o)
    0x0802a1d4   0x0000008c   Code   RO         2068    x$fpl$fnaninf       fz_ws.l(fnaninf.o)
    0x0802a260   0x0000000e   Code   RO         2180    x$fpl$fpinit        fz_ws.l(fpinit.o)
    0x0802a26e   0x0000000a   Code   RO         2070    x$fpl$fretinf       fz_ws.l(fretinf.o)
    0x0802a278   0x00000062   Code   RO         1939    x$fpl$frleqf        fz_ws.l(frleqf.o)
    0x0802a2da   0x00000002   PAD
    0x0802a2dc   0x000000ea   Code   RO         1923    x$fpl$fsub          fz_ws.l(faddsub_clz.o)
    0x0802a3c6   0x00000004   Code   RO         1941    x$fpl$printf1       fz_ws.l(printf1.o)
    0x0802a3ca   0x00000064   Code   RO         2288    x$fpl$retnan        fz_ws.l(retnan.o)
    0x0802a42e   0x0000005c   Code   RO         2234    x$fpl$scalbn        fz_ws.l(scalbn.o)
    0x0802a48a   0x00000004   Code   RO         2147    x$fpl$scanf1        fz_ws.l(scanf1.o)
    0x0802a48e   0x00000008   Code   RO         2182    x$fpl$scanf2        fz_ws.l(scanf2.o)
    0x0802a496   0x00000030   Code   RO         2290    x$fpl$trapveneer    fz_ws.l(trapv.o)
    0x0802a4c6   0x00000000   Code   RO         2072    x$fpl$usenofp       fz_ws.l(usenofp.o)
    0x0802a4c6   0x00000002   PAD
    0x0802a4c8   0x0000005d   Data   RO            3    .constdata          main.o
    0x0802a525   0x00000003   PAD
    0x0802a528   0x0000005c   Data   RO          413    .constdata          usart2.o
    0x0802a584   0x000000a0   Data   RO          446    .constdata          exti.o
    0x0802a624   0x00000005   Data   RO          476    .constdata          cjson.o
    0x0802a629   0x00000003   PAD
    0x0802a62c   0x00000018   Data   RO          702    .constdata          malloc.o
    0x0802a644   0x0000016f   Data   RO          721    .constdata          usmart.o
    0x0802a7b3   0x00000001   PAD
    0x0802a7b4   0x000059b8   Data   RO          854    .constdata          fs.o
    0x0803016c   0x00000030   Data   RO          879    .constdata          httpd.o
    0x0803019c   0x000000ae   Data   RO          926    .constdata          httpd_cgi_ssi.o
    0x0803024a   0x00000002   PAD
    0x0803024c   0x000000db   Data   RO          949    .constdata          tcp_client_demo.o
    0x08030327   0x00000001   PAD
    0x08030328   0x00000082   Data   RO          986    .constdata          http.o
    0x080303aa   0x00000002   PAD
    0x080303ac   0x00000050   Data   RO         1024    .constdata          etharp.o
    0x080303fc   0x00000008   Data   RO         1163    .constdata          ip_addr.o
    0x08030404   0x0000003c   Data   RO         1287    .constdata          memp.o
    0x08030440   0x00000050   Data   RO         1385    .constdata          tcp.o
    0x08030490   0x00000055   Data   RO         1432    .constdata          tcp_out.o
    0x080304e5   0x00000003   PAD
    0x080304e8   0x00000004   Data   RO         1477    .constdata          sys_arch.o
    0x080304ec   0x00000040   Data   RO         1595    .constdata          sockets.o
    0x0803052c   0x00000100   Data   RO         1634    .constdata          os_core.o
    0x0803062c   0x00000028   Data   RO         1820    .constdata          c_w.l(_printf_hex_int_ll_ptr.o)
    0x08030654   0x00000011   Data   RO         1840    .constdata          c_w.l(__printf_flags_ss_wp.o)
    0x08030665   0x00000003   PAD
    0x08030668   0x00000008   Data   RO         1983    .constdata          c_w.l(_printf_wctomb.o)
    0x08030670   0x00000094   Data   RO         2106    .constdata          c_w.l(bigflt0.o)
    0x08030704   0x0000002b   Data   RO          738    .conststring        usmart_config.o
    0x0803072f   0x0000004a   Data   RO          880    .conststring        httpd.o
    0x08030779   0x00000057   Data   RO          927    .conststring        httpd_cgi_ssi.o
    0x080307d0   0x00000099   Data   RO         1288    .conststring        memp.o
    0x08030869   0x00000061   Data   RO         1386    .conststring        tcp.o
    0x080308ca   0x00000002   PAD
    0x080308cc   0x00000020   Data   RO         2292    Region$$Table       anon$$obj.o
    0x080308ec   0x00000008   Data   RO         2177    c$$dinf             fz_ws.l(fpconst.o)
    0x080308f4   0x00000110   Data   RO         2014    locale$$data        c_w.l(lc_ctype_c.o)
    0x08030a04   0x0000001c   Data   RO         2136    locale$$data        c_w.l(lc_numeric_c.o)


    Execution Region RW_IRAM1 (Base: 0x20000000, Size: 0x0000f460, Max: 0x00010000, ABSOLUTE, COMPRESSED[0x000001e0])

    Base Addr    Size         Type   Attr      Idx    E Section Name        Object

    0x20000000   0x00000001   Data   RW            4    .data               main.o
    0x20000001   0x00000003   PAD
    0x20000004   0x00000014   Data   RW          246    .data               system_stm32f10x.o
    0x20000018   0x00000004   Data   RW          282    .data               delay.o
    0x2000001c   0x00000008   Data   RW          313    .data               usart.o
    0x20000024   0x00000200   Data   RW          394    .data               mod.o
    0x20000224   0x00000006   Data   RW          414    .data               usart2.o
    0x2000022a   0x00000002   PAD
    0x2000022c   0x00000018   Data   RW          430    .data               usart3.o
    0x20000244   0x00000001   Data   RW          460    .data               stmflash.o
    0x20000245   0x00000003   PAD
    0x20000248   0x00000004   Data   RW          477    .data               cjson.o
    0x2000024c   0x00000014   Data   RW          577    .data               stm32f10x_rcc.o
    0x20000260   0x0000001c   Data   RW          703    .data               malloc.o
    0x2000027c   0x0000010c   Data   RW          739    .data               usmart_config.o
    0x20000388   0x00000014   Data   RW          765    .data               lwip_comm.o
    0x2000039c   0x00000024   Data   RW          881    .data               httpd.o
    0x200003c0   0x00000010   Data   RW          928    .data               httpd_cgi_ssi.o
    0x200003d0   0x00000019   Data   RW          950    .data               tcp_client_demo.o
    0x200003e9   0x00000003   PAD
    0x200003ec   0x00000004   Data   RW          987    .data               http.o
    0x200003f0   0x00000001   Data   RW         1025    .data               etharp.o
    0x200003f1   0x00000003   PAD
    0x200003f4   0x00000012   Data   RW         1121    .data               ip.o
    0x20000406   0x00000002   PAD
    0x20000408   0x00000006   Data   RW         1191    .data               ip_frag.o
    0x2000040e   0x00000002   PAD
    0x20000410   0x00000014   Data   RW         1227    .data               dns.o
    0x20000424   0x00000014   Data   RW         1271    .data               mem.o
    0x20000438   0x00000040   Data   RW         1289    .data               memp.o
    0x20000478   0x00000009   Data   RW         1319    .data               netif.o
    0x20000481   0x00000001   Data   RW         1341    .data               pbuf.o
    0x20000482   0x00000002   PAD
    0x20000484   0x00000004   Data   RW         1365    .data               raw.o
    0x20000488   0x00000023   Data   RW         1387    .data               tcp.o
    0x200004ab   0x00000001   PAD
    0x200004ac   0x00000020   Data   RW         1410    .data               tcp_in.o
    0x200004cc   0x00000008   Data   RW         1445    .data               timers.o
    0x200004d4   0x00000008   Data   RW         1459    .data               udp.o
    0x200004dc   0x00000014   Data   RW         1567    .data               netdb.o
    0x200004f0   0x00000008   Data   RW         1596    .data               sockets.o
    0x200004f8   0x0000000c   Data   RW         1610    .data               tcpip.o
    0x20000504   0x00000048   Data   RW         1635    .data               os_core.o
    0x2000054c   0x00000004   Data   RW         1859    .data               c_w.l(strtok.o)
    0x20000550   0x00000500   Zero   RW            2    .bss                main.o
    0x20000a50   0x000000c8   Zero   RW          312    .bss                usart.o
    0x20000b18   0x00000012   Zero   RW          335    .bss                dm9000.o
    0x20000b2a   0x00000013   Zero   RW          412    .bss                usart2.o
    0x20000b3d   0x00000003   PAD
    0x20000b40   0x000008a0   Zero   RW          459    .bss                stmflash.o
    0x200013e0   0x0000000f   Zero   RW          475    .bss                cjson.o
    0x200013ef   0x00000001   PAD
    0x200013f0   0x0000aa00   Zero   RW          701    .bss                malloc.o
    0x2000bdf0   0x00000048   Zero   RW          764    .bss                lwip_comm.o
    0x2000be38   0x000000f0   Zero   RW          853    .bss                fs.o
    0x2000bf28   0x00000400   Zero   RW          878    .bss                httpd.o
    0x2000c328   0x00000d80   Zero   RW          948    .bss                tcp_client_demo.o
    0x2000d0a8   0x0000080b   Zero   RW          985    .bss                http.o
    0x2000d8b3   0x00000001   PAD
    0x2000d8b4   0x000000c8   Zero   RW         1023    .bss                etharp.o
    0x2000d97c   0x00000010   Zero   RW         1162    .bss                ip_addr.o
    0x2000d98c   0x00000663   Zero   RW         1226    .bss                dns.o
    0x2000dfef   0x00000001   PAD
    0x2000dff0   0x0000003c   Zero   RW         1286    .bss                memp.o
    0x2000e02c   0x00000014   Zero   RW         1409    .bss                tcp_in.o
    0x2000e040   0x00000014   Zero   RW         1566    .bss                netdb.o
    0x2000e054   0x00000060   Zero   RW         1594    .bss                sockets.o
    0x2000e0b4   0x00000c68   Zero   RW         1633    .bss                os_core.o
    0x2000ed1c   0x000000e4   Zero   RW         1855    .bss                c_w.l(rand.o)
    0x2000ee00   0x00000060   Zero   RW         2074    .bss                c_w.l(libspace.o)
    0x2000ee60   0x00000200   Zero   RW          275    HEAP                startup_stm32f10x_hd.o
    0x2000f060   0x00000400   Zero   RW          274    STACK               startup_stm32f10x_hd.o



  Load Region LR$$.ARM.__AT_0x68000000 (Base: 0x68000000, Size: 0x00000000, Max: 0x00030000, ABSOLUTE)

    Execution Region ER$$.ARM.__AT_0x68000000 (Base: 0x68000000, Size: 0x00030000, Max: 0x00030000, ABSOLUTE, UNINIT)

    Base Addr    Size         Type   Attr      Idx    E Section Name        Object

    0x68000000   0x00030000   Zero   RW          699    .ARM.__AT_0x68000000  malloc.o



  Load Region LR$$.ARM.__AT_0x68030000 (Base: 0x68030000, Size: 0x00000000, Max: 0x00003000, ABSOLUTE)

    Execution Region ER$$.ARM.__AT_0x68030000 (Base: 0x68030000, Size: 0x00003000, Max: 0x00003000, ABSOLUTE, UNINIT)

    Base Addr    Size         Type   Attr      Idx    E Section Name        Object

    0x68030000   0x00003000   Zero   RW          700    .ARM.__AT_0x68030000  malloc.o


==============================================================================

Image component sizes


      Code (inc. data)   RO Data    RW Data    ZI Data      Debug   Object Name

       320          8          0          0          0       1093   adc.o
      3332        896          0          0          0      18119   api_lib.o
      6384       1262          0          0          0      11072   api_msg.o
        60          6          0          0          0        416   beep.o
      7548        160          5          4         15      28216   cjson.o
         0          0          0          0          0         32   core_cm3.o
        68          0          0          0          0       1070   def.o
       312         24          0          4          0       1633   delay.o
      2104        230          0          0         18       7945   dm9000.o
      2056        292          0         20       1635       7449   dns.o
      3776        604         80          1        200       9911   etharp.o
       368        116          0          0          0       3614   ethernetif.o
       328         22        160          0          0        837   exti.o
       284         10      22968          0        240       4174   fs.o
       120         10          0          0          0        445   gpios.o
      1972        206        130          4       2059      15225   http.o
      4980        792        122         36       1024      20213   httpd.o
      4408        504        261         16          0      24841   httpd_cgi_ssi.o
      1128        372          0          0          0       2642   icmp.o
       716        106          0          0          0       2993   inet_chksum.o
        40          0          0          0          0       5336   init.o
      1120        172          0         18          0      16451   ip.o
       848        110          8          0         16       9127   ip_addr.o
      2672        488          0          6          0       7216   ip_frag.o
        34          0          0          0          0        384   lwdg.o
       740         52          0         20         72       8488   lwip_comm.o
      2328        496         93          1       1280     300750   main.o
       596         18         24         28     252416       4404   malloc.o
      1908        564          0         20          0       3978   mem.o
       484        198        213         64         60       2796   memp.o
       256         30          0          0          0       1697   misc.o
        92          8          0        512          0       1250   mod.o
       964        342          0          0          0       3009   netbuf.o
       816        178          0         20         20       4655   netdb.o
       836        126          0          9          0       6005   netif.o
      2648        240        256         72       3176      15537   os_core.o
       180         36          0          0          0        260   os_cpu_a.o
       206          0          0          0          0      10098   os_cpu_c.o
      2348         40          0          0          0       7008   os_flag.o
      1768         56          0          0          0       4486   os_mutex.o
      1652         34          0          0          0       5661   os_q.o
      1012         22          0          0          0       3938   os_sem.o
      2160         76          0          0          0       7689   os_task.o
       476         28          0          0          0       1786   os_time.o
      4530       1244          0          1          0      10623   pbuf.o
       180         14          0          0          0        535   pwm.o
       604        132          0          4          0       3229   raw.o
      7648        682         64          8         96      18070   sockets.o
        64         26        304          0       1536        728   startup_stm32f10x_hd.o
      1240         28          0          0          0      11053   stm32f10x_adc.o
       328         24          0          0          0       2163   stm32f10x_exti.o
      1640         52          0          0          0       8190   stm32f10x_flash.o
      1672         62          0          0          0       5283   stm32f10x_fsmc.o
       940         46          0          0          0       5677   stm32f10x_gpio.o
        22          0          0          0          0        927   stm32f10x_it.o
        68          4          0          0          0       1225   stm32f10x_iwdg.o
      1044         52          0         20          0       8804   stm32f10x_rcc.o
      4048         86          0          0          0      22964   stm32f10x_tim.o
      1190         22          0          0          0       8400   stm32f10x_usart.o
       744         22          0          1       2208       4394   stmflash.o
      1048        166          4          0          0       6230   sys_arch.o
       480         36          0         20          0       1539   system_stm32f10x.o
      5616       1122        177         35          0      22100   tcp.o
      3776       1082        219         25       3456      15164   tcp_client_demo.o
      7836       1080          0         32         20      15799   tcp_in.o
      5184        954         85          0          0       9983   tcp_out.o
       976        196          0         12          0       9792   tcpip.o
       796        180          0          8          0       3295   timers.o
      1556        204          0          8          0       6818   udp.o
       352         20          0          8        200       2874   usart.o
      2196        308         92          6         19       3075   usart2.o
       992        148          0         24          0       2285   usart3.o
      2028        872        367          0          0       3839   usmart.o
         0          0         43        268          0       1316   usmart_config.o
      1476         12          0          0          0       5185   usmart_str.o

    ----------------------------------------------------------------------
    126732      17810      25724       1356     269772     815508   Object Totals
         0          0         32          0          0          0   (incl. Generated)
        10          0         17         21          6          0   (incl. Padding)

    ----------------------------------------------------------------------

      Code (inc. data)   RO Data    RW Data    ZI Data      Debug   Library Member Name

        24          4          0          0          0         84   __2printf.o
        44          6          0          0          0         84   __2sprintf.o
        90          0          0          0          0          0   __dczerorl2.o
         8          0          0          0          0         68   __main.o
       396          6         17          0          0         92   __printf_flags_ss_wp.o
        14          0          0          0          0         68   __printf_wp.o
        52          8          0          0          0          0   __scatter.o
        28          0          0          0          0          0   __scatter_zi.o
        28          0          0          0          0         68   _chval.o
         6          0          0          0          0          0   _printf_a.o
         6          0          0          0          0          0   _printf_c.o
        44          0          0          0          0        108   _printf_char.o
        48          6          0          0          0         96   _printf_char_common.o
        36          4          0          0          0         80   _printf_char_file.o
        42          0          0          0          0         68   _printf_charcount.o
         6          0          0          0          0          0   _printf_d.o
       120         18          0          0          0         92   _printf_dec.o
         6          0          0          0          0          0   _printf_e.o
         6          0          0          0          0          0   _printf_f.o
      1054          0          0          0          0        216   _printf_fp_dec.o
       128         16          0          0          0         84   _printf_fp_infnan.o
         6          0          0          0          0          0   _printf_g.o
       156          6         40          0          0        160   _printf_hex_int_ll_ptr.o
         6          0          0          0          0          0   _printf_i.o
       184          0          0          0          0         88   _printf_intcommon.o
        10          0          0          0          0          0   _printf_l.o
         6          0          0          0          0          0   _printf_lc.o
        10          0          0          0          0          0   _printf_ll.o
         6          0          0          0          0          0   _printf_lld.o
         6          0          0          0          0          0   _printf_lli.o
         6          0          0          0          0          0   _printf_llo.o
         6          0          0          0          0          0   _printf_llu.o
         6          0          0          0          0          0   _printf_llx.o
       120         16          0          0          0         92   _printf_longlong_dec.o
         6          0          0          0          0          0   _printf_ls.o
         6          0          0          0          0          0   _printf_n.o
         6          0          0          0          0          0   _printf_o.o
       120          8          0          0          0        124   _printf_oct_int_ll.o
         6          0          0          0          0          0   _printf_p.o
        82          0          0          0          0        108   _printf_pad.o
         0          0          0          0          0          0   _printf_percent.o
         4          0          0          0          0          0   _printf_percent_end.o
         6          0          0          0          0          0   _printf_s.o
        82          0          0          0          0         80   _printf_str.o
        36          0          0          0          0         84   _printf_truncate.o
         6          0          0          0          0          0   _printf_u.o
        44          0          0          0          0        108   _printf_wchar.o
       188          6          8          0          0         92   _printf_wctomb.o
         6          0          0          0          0          0   _printf_x.o
        22          0          0          0          0        100   _rserrno.o
        64          0          0          0          0         84   _sgetc.o
        16          0          0          0          0         68   _snputc.o
        10          0          0          0          0         68   _sputc.o
       158          0          0          0          0         92   _strtoul.o
        64          0          0          0          0         92   _wcrtomb.o
        26          0          0          0          0         80   atoi.o
       228          6        148          0          0         96   bigflt0.o
      2074        132          0          0          0        940   btod.o
        52          6          0          0          0         80   c89vsnprintf.o
        12          0          0          0          0         72   exit.o
         8          0          0          0          0         68   ferror.o
         6          0          0          0          0        152   heapauxi.o
        18          0          0          0          0         76   isspace.o
        44         10        272          0          0         76   lc_ctype_c.o
        44         10         28          0          0         76   lc_numeric_c.o
         6          0          0          0          0          0   libinit.o
        34          0          0          0          0          0   libinit2.o
         2          0          0          0          0          0   libshutdown.o
         2          0          0          0          0          0   libshutdown2.o
         8          4          0          0         96         68   libspace.o
        38          0          0          0          0         68   llshl.o
       138          0          0          0          0         80   lludiv10.o
        88          0          0          0          0         76   memcmp.o
       112         18          0          0        228        160   rand.o
        16          4          0          0          0         76   rt_ctype_table.o
         8          4          0          0          0         68   rt_errno_addr_intlibspace.o
         8          4          0          0          0         68   rt_fp_status_addr_intlibspace.o
         8          4          0          0          0         68   rt_locale_intlibspace.o
        68          0          0          0          0         68   rt_memclr.o
        78          0          0          0          0         80   rt_memclr_w.o
       138          0          0          0          0         68   rt_memcpy_v6.o
       100          0          0          0          0         80   rt_memcpy_w.o
         0          0          0          0          0          0   rtentry.o
        12          0          0          0          0          0   rtentry2.o
         6          0          0          0          0          0   rtentry4.o
         2          0          0          0          0          0   rtexit.o
        10          0          0          0          0          0   rtexit2.o
      1192         14          0          0          0        148   scanf_fp.o
       796         14          0          0          0        100   scanf_hexfp.o
       316         18          0          0          0        100   scanf_infnan.o
        20          0          0          0          0         68   strchr.o
       128          0          0          0          0         68   strcmpv7m.o
        72          0          0          0          0         80   strcpy.o
        32          0          0          0          0         80   strcspn.o
        62          0          0          0          0         76   strlen.o
       150          0          0          0          0         80   strncmp.o
        28          0          0          0          0         80   strspn.o
        36          0          0          0          0         80   strstr.o
       160         12          0          0          0        120   strtod.o
        12          6          0          4          0         68   strtok.o
        68          4          0          0          0         84   strtok_int.o
       112          0          0          0          0         88   strtol.o
        74          0          0          0          0         80   sys_stackheap_outer.o
        26          0          0          0          0         76   tolower.o
        30          0          0          0          0         76   toupper.o
         2          0          0          0          0         68   use_no_semi.o
         2          0          0          0          0         68   use_no_semi_2.o
        98          4          0          0          0         92   d2f.o
       826         16          0          0          0        356   daddsub_clz.o
        16          4          0          0          0         68   dcheck1.o
        24          0          0          0          0         68   dcmpi.o
       688        140          0          0          0        212   ddiv.o
       120          4          0          0          0         92   deqf.o
        94          4          0          0          0         92   dfix.o
        90          4          0          0          0         92   dfixu.o
        84          0          0          0          0        136   dflt_clz.o
       120          4          0          0          0         92   dleqf.o
       340         12          0          0          0        104   dmul.o
       156          4          0          0          0         92   dnaninf.o
        12          0          0          0          0         68   dretinf.o
       108          0          0          0          0         80   drleqf.o
        86          4          0          0          0         84   f2d.o
       430          8          0          0          0        168   faddsub_clz.o
        24          0          0          0          0         68   fcmpi.o
       388         76          0          0          0         96   fdiv.o
        86          0          0          0          0        136   fflt_clz.o
       104          4          0          0          0         84   fleqf.o
       140          4          0          0          0         84   fnaninf.o
         0          0          8          0          0          0   fpconst.o
        14          0          0          0          0         76   fpinit.o
        10          0          0          0          0         68   fretinf.o
        98          0          0          0          0         68   frleqf.o
         4          0          0          0          0         68   printf1.o
       100          0          0          0          0         68   retnan.o
        92          0          0          0          0         68   scalbn.o
         4          0          0          0          0         68   scanf1.o
         8          0          0          0          0         84   scanf2.o
        48          0          0          0          0         68   trapv.o
         0          0          0          0          0          0   usenofp.o
        16          6          0          0          0         68   dunder.o
       220         16          0          0          0         84   floor.o
        40          0          0          0          0         68   fpclassify.o
        88          8          0          0          0         76   frexp.o
       148          0          0          0          0        160   ldexp.o
       152          4          0          0          0        160   narrow.o
        28          0          0          0          0         80   strtod.o

    ----------------------------------------------------------------------
     15500        702        524          4        324      10776   Library Totals
        38          2          3          0          0          0   (incl. Padding)

    ----------------------------------------------------------------------

      Code (inc. data)   RO Data    RW Data    ZI Data      Debug   Library Name

     10358        374        513          4        324       7080   c_w.l
      4412        292          8          0          0       3000   fz_ws.l
       692         34          0          0          0        696   m_ws.l

    ----------------------------------------------------------------------
     15500        702        524          4        324      10776   Library Totals

    ----------------------------------------------------------------------

==============================================================================


      Code (inc. data)   RO Data    RW Data    ZI Data      Debug   

    142232      18512      26248       1360     270096     813336   Grand Totals
    142232      18512      26248        480     270096     813336   ELF Image Totals (compressed)
    142232      18512      26248        480          0          0   ROM Totals

==============================================================================

    Total RO  Size (Code + RO Data)               168480 ( 164.53kB)
    Total RW  Size (RW Data + ZI Data)            271456 ( 265.09kB)
    Total ROM Size (Code + RO Data + RW Data)     168960 ( 165.00kB)

==============================================================================

