ARM Linker, 4.1 [Build 791] [Standard]

==============================================================================

Section Cross References

    main.o(.text) refers to __2printf.o(.text) for __2printf
    main.o(.text) refers to os_time.o(.text) for OSTimeDlyHMSM
    main.o(.text) refers to os_task.o(.text) for OSTaskSuspend
    main.o(.text) refers to adc.o(.text) for getAD
    main.o(.text) refers to stm32f10x_gpio.o(.text) for GPIO_ReadInputDataBit
    main.o(.text) refers to tcp_client_demo.o(.text) for StopChage
    main.o(.text) refers to stm32f10x_flash.o(.text) for FLASH_Unlock
    main.o(.text) refers to stmflash.o(.text) for STMFLASH_Write
    main.o(.text) refers to delay.o(.text) for delay_ms
    main.o(.text) refers to rt_memclr.o(.text) for __aeabi_memclr
    main.o(.text) refers to strcpy.o(.text) for strcpy
    main.o(.text) refers to tcp_client_demo.o(.data) for IsDown
    main.o(.text) refers to main.o(.constdata) for .constdata
    main.o(.text) refers to stmflash.o(.bss) for my_data
    main.o(.text) refers to main.o(.data) for PowerSave
    main.o(.text) refers to usart2.o(.data) for Is485
    main.o(.text) refers to tcp_client_demo.o(.bss) for tcp_client_sendbuf
    main.o(.text) refers to stm32f10x_usart.o(.text) for USART_SendData
    main.o(.text) refers to stm32f10x_tim.o(.text) for TIM_Cmd
    main.o(.text) refers to os_core.o(.text) for OSStatInit
    main.o(.text) refers to os_cpu_a.o(.text) for OS_CPU_SR_Save
    main.o(.text) refers to misc.o(.text) for NVIC_PriorityGroupConfig
    main.o(.text) refers to usart.o(.text) for uart_init
    main.o(.text) refers to beep.o(.text) for BEEP_Init
    main.o(.text) refers to pwm.o(.text) for pwm_init
    main.o(.text) refers to exti.o(.text) for exti_init
    main.o(.text) refers to usart2.o(.text) for uart2_init
    main.o(.text) refers to usart3.o(.text) for uart3_init
    main.o(.text) refers to malloc.o(.text) for my_mem_init
    main.o(.text) refers to gpios.o(.text) for GPIOS_Init
    main.o(.text) refers to lwip_comm.o(.text) for lwip_comm_init
    main.o(.text) refers to httpd.o(.text) for httpd_init
    main.o(.text) refers to main.o(.bss) for ReadDATA_TASK_STK
    main.o(.text) refers to usmart_config.o(.data) for usmart_dev
    system_stm32f10x.o(.text) refers to system_stm32f10x.o(.data) for SystemCoreClock
    startup_stm32f10x_hd.o(STACK) refers (Special) to heapauxi.o(.text) for __use_two_region_memory
    startup_stm32f10x_hd.o(HEAP) refers (Special) to heapauxi.o(.text) for __use_two_region_memory
    startup_stm32f10x_hd.o(RESET) refers (Special) to heapauxi.o(.text) for __use_two_region_memory
    startup_stm32f10x_hd.o(RESET) refers to startup_stm32f10x_hd.o(STACK) for __initial_sp
    startup_stm32f10x_hd.o(RESET) refers to startup_stm32f10x_hd.o(.text) for Reset_Handler
    startup_stm32f10x_hd.o(RESET) refers to stm32f10x_it.o(.text) for NMI_Handler
    startup_stm32f10x_hd.o(RESET) refers to os_cpu_a.o(.text) for PendSV_Handler
    startup_stm32f10x_hd.o(RESET) refers to delay.o(.text) for SysTick_Handler
    startup_stm32f10x_hd.o(RESET) refers to exti.o(.text) for EXTI2_IRQHandler
    startup_stm32f10x_hd.o(RESET) refers to dm9000.o(.text) for EXTI9_5_IRQHandler
    startup_stm32f10x_hd.o(RESET) refers to usmart.o(.text) for TIM4_IRQHandler
    startup_stm32f10x_hd.o(RESET) refers to usart.o(.text) for USART1_IRQHandler
    startup_stm32f10x_hd.o(RESET) refers to usart2.o(.text) for USART2_IRQHandler
    startup_stm32f10x_hd.o(RESET) refers to usart3.o(.text) for USART3_IRQHandler
    startup_stm32f10x_hd.o(RESET) refers to tcp_client_demo.o(.text) for TIM5_IRQHandler
    startup_stm32f10x_hd.o(.text) refers (Special) to heapauxi.o(.text) for __use_two_region_memory
    startup_stm32f10x_hd.o(.text) refers to system_stm32f10x.o(.text) for SystemInit
    startup_stm32f10x_hd.o(.text) refers to __main.o(!!!main) for __main
    startup_stm32f10x_hd.o(.text) refers to startup_stm32f10x_hd.o(HEAP) for Heap_Mem
    startup_stm32f10x_hd.o(.text) refers to startup_stm32f10x_hd.o(STACK) for Stack_Mem
    delay.o(.text) refers to os_core.o(.text) for OSSchedLock
    delay.o(.text) refers to os_time.o(.text) for OSTimeDly
    delay.o(.text) refers to misc.o(.text) for SysTick_CLKSourceConfig
    delay.o(.text) refers to os_core.o(.data) for OSRunning
    delay.o(.text) refers to system_stm32f10x.o(.data) for SystemCoreClock
    delay.o(.text) refers to delay.o(.data) for fac_us
    usart.o(.text) refers (Special) to use_no_semi_2.o(.text) for __use_no_semihosting
    usart.o(.text) refers to stm32f10x_rcc.o(.text) for RCC_APB2PeriphClockCmd
    usart.o(.text) refers to stm32f10x_gpio.o(.text) for GPIO_Init
    usart.o(.text) refers to misc.o(.text) for NVIC_Init
    usart.o(.text) refers to stm32f10x_usart.o(.text) for USART_Init
    usart.o(.text) refers to os_core.o(.text) for OSIntEnter
    usart.o(.text) refers to usart.o(.data) for USART_RX_STA
    usart.o(.text) refers to usart.o(.bss) for USART_RX_BUF
[...]
    OS_EventTaskWait                         0x0801c6dd   Thumb Code   132  os_core.o(.text)
    OS_EventWaitListInit                     0x0801c761   Thumb Code   108  os_core.o(.text)
    OS_MemCopy                               0x0801c7cd   Thumb Code    22  os_core.o(.text)
    OS_TCBInit                               0x0801c7e3   Thumb Code   320  os_core.o(.text)
    OSFlagAccept                             0x0801c93d   Thumb Code   302  os_flag.o(.text)
    OSFlagCreate                             0x0801ca6b   Thumb Code   100  os_flag.o(.text)
    OS_FlagUnlink                            0x0801cacf   Thumb Code    40  os_flag.o(.text)
    OSFlagDel                                0x0801cb5b   Thumb Code   238  os_flag.o(.text)
    OSFlagNameGet                            0x0801cc49   Thumb Code    92  os_flag.o(.text)
    OSFlagNameSet                            0x0801cca5   Thumb Code    74  os_flag.o(.text)
    OSFlagPend                               0x0801cd9d   Thumb Code   698  os_flag.o(.text)
    OSFlagPendGetFlagsRdy                    0x0801d057   Thumb Code    28  os_flag.o(.text)
    OSFlagPost                               0x0801d073   Thumb Code   346  os_flag.o(.text)
    OSFlagQuery                              0x0801d1cd   Thumb Code    56  os_flag.o(.text)
    OS_FlagInit                              0x0801d205   Thumb Code    88  os_flag.o(.text)
    OSMutexAccept                            0x0801d269   Thumb Code   158  os_mutex.o(.text)
    OSMutexCreate                            0x0801d307   Thumb Code   162  os_mutex.o(.text)
    OSMutexDel                               0x0801d439   Thumb Code   304  os_mutex.o(.text)
    OSMutexPend                              0x0801d569   Thumb Code   666  os_mutex.o(.text)
    OSMutexPost                              0x0801d803   Thumb Code   198  os_mutex.o(.text)
    OSMutexQuery                             0x0801d8c9   Thumb Code   116  os_mutex.o(.text)
    OSQAccept                                0x0801d951   Thumb Code   102  os_q.o(.text)
    OSQCreate                                0x0801d9b7   Thumb Code   152  os_q.o(.text)
    OSQDel                                   0x0801da4f   Thumb Code   264  os_q.o(.text)
    OSQFlush                                 0x0801db57   Thumb Code    40  os_q.o(.text)
    OSQPend                                  0x0801db7f   Thumb Code   304  os_q.o(.text)
    OSQPendAbort                             0x0801dcaf   Thumb Code   142  os_q.o(.text)
    OSQPost                                  0x0801dd3d   Thumb Code   144  os_q.o(.text)
    OSQPostFront                             0x0801ddcd   Thumb Code   122  os_q.o(.text)
    OSQPostOpt                               0x0801de47   Thumb Code   188  os_q.o(.text)
    OSQQuery                                 0x0801df03   Thumb Code   104  os_q.o(.text)
    OS_QInit                                 0x0801df6b   Thumb Code    80  os_q.o(.text)
    OSSemAccept                              0x0801dfc5   Thumb Code    46  os_sem.o(.text)
    OSSemCreate                              0x0801dff3   Thumb Code    78  os_sem.o(.text)
    OSSemDel                                 0x0801e041   Thumb Code   234  os_sem.o(.text)
    OSSemPend                                0x0801e12b   Thumb Code   244  os_sem.o(.text)
    OSSemPendAbort                           0x0801e21f   Thumb Code   142  os_sem.o(.text)
    OSSemPost                                0x0801e2ad   Thumb Code    92  os_sem.o(.text)
    OSSemQuery                               0x0801e309   Thumb Code    80  os_sem.o(.text)
    OSSemSet                                 0x0801e359   Thumb Code    74  os_sem.o(.text)
    OSTaskChangePrio                         0x0801e3b9   Thumb Code   354  os_task.o(.text)
    OSTaskCreate                             0x0801e51b   Thumb Code   156  os_task.o(.text)
    OS_TaskStkClr                            0x0801e5b7   Thumb Code    30  os_task.o(.text)
    OSTaskCreateExt                          0x0801e5d5   Thumb Code   176  os_task.o(.text)
    OSTaskDel                                0x0801e685   Thumb Code   368  os_task.o(.text)
    OSTaskDelReq                             0x0801e7f5   Thumb Code   104  os_task.o(.text)
    OSTaskNameGet                            0x0801e85d   Thumb Code   128  os_task.o(.text)
    OSTaskNameSet                            0x0801e8dd   Thumb Code   106  os_task.o(.text)
    OSTaskResume                             0x0801e947   Thumb Code   162  os_task.o(.text)
    OSTaskStkChk                             0x0801e9e9   Thumb Code   142  os_task.o(.text)
    OSTaskSuspend                            0x0801ea77   Thumb Code   174  os_task.o(.text)
    OSTaskQuery                              0x0801eb25   Thumb Code    84  os_task.o(.text)
    OSTaskRegGet                             0x0801eb79   Thumb Code    62  os_task.o(.text)
    OSTaskRegSet                             0x0801ebb7   Thumb Code    90  os_task.o(.text)
    OS_TaskReturn                            0x0801ec11   Thumb Code    18  os_task.o(.text)
    OSTimeDly                                0x0801ec29   Thumb Code   118  os_time.o(.text)
    OSTimeDlyHMSM                            0x0801ec9f   Thumb Code    94  os_time.o(.text)
    OSTimeDlyResume                          0x0801ecfd   Thumb Code   184  os_time.o(.text)
    OSTimeGet                                0x0801edb5   Thumb Code    26  os_time.o(.text)
    OSTimeSet                                0x0801edcf   Thumb Code    26  os_time.o(.text)
    OSInitHookBegin                          0x0801ee05   Thumb Code     2  os_cpu_c.o(.text)
    OSInitHookEnd                            0x0801ee07   Thumb Code     2  os_cpu_c.o(.text)
    OSTaskCreateHook                         0x0801ee09   Thumb Code     2  os_cpu_c.o(.text)
    OSTaskDelHook                            0x0801ee0b   Thumb Code     2  os_cpu_c.o(.text)
    OSTaskIdleHook                           0x0801ee0d   Thumb Code     2  os_cpu_c.o(.text)
    OSTaskStatHook                           0x0801ee0f   Thumb Code     2  os_cpu_c.o(.text)
    OSTaskStkInit                            0x0801ee11   Thumb Code   186  os_cpu_c.o(.text)
    OSTaskSwHook                             0x0801eecb   Thumb Code     2  os_cpu_c.o(.text)
    OSTCBInitHook                            0x0801eecd   Thumb Code     2  os_cpu_c.o(.text)
    OSTimeTickHook                           0x0801eecf   Thumb Code     2  os_cpu_c.o(.text)
    OSTaskReturnHook                         0x0801eed1   Thumb Code     2  os_cpu_c.o(.text)
    OS_CPU_SR_Save                           0x0801eed5   Thumb Code     0  os_cpu_a.o(.text)
    OS_CPU_SR_Restore                        0x0801eedd   Thumb Code     0  os_cpu_a.o(.text)
    OSStartHighRdy                           0x0801eee3   Thumb Code     0  os_cpu_a.o(.text)
    OSCtxSw                                  0x0801ef05   Thumb Code     0  os_cpu_a.o(.text)
    OSIntCtxSw                               0x0801ef13   Thumb Code     0  os_cpu_a.o(.text)
    PendSV_Handler                           0x0801ef23   Thumb Code     0  os_cpu_a.o(.text)
    __use_no_semihosting                     0x0801ef89   Thumb Code     2  use_no_semi_2.o(.text)
    __rt_ctype_table                         0x0801ef8d   Thumb Code    16  rt_ctype_table.o(.text)
    tolower                                  0x0801ef9d   Thumb Code    26  tolower.o(.text)
    toupper                                  0x0801efb7   Thumb Code    30  toupper.o(.text)
    __c89vsnprintf                           0x0801efd5   Thumb Code    46  c89vsnprintf.o(.text)
    __2printf                                0x0801f009   Thumb Code    20  __2printf.o(.text)
    __2sprintf                               0x0801f021   Thumb Code    38  __2sprintf.o(.text)
    _printf_pre_padding                      0x0801f04d   Thumb Code    46  _printf_pad.o(.text)
    _printf_post_padding                     0x0801f07b   Thumb Code    36  _printf_pad.o(.text)
    _printf_str                              0x0801f09f   Thumb Code    82  _printf_str.o(.text)
    _printf_int_dec                          0x0801f0f1   Thumb Code   102  _printf_dec.o(.text)
    _printf_longlong_hex                     0x0801f169   Thumb Code    92  _printf_hex_int_ll_ptr.o(.text)
    _printf_int_hex                          0x0801f1c5   Thumb Code    28  _printf_hex_int_ll_ptr.o(.text)
    _printf_ll_hex                           0x0801f1e1   Thumb Code    12  _printf_hex_int_ll_ptr.o(.text)
    _printf_hex_ptr                          0x0801f1ed   Thumb Code    18  _printf_hex_int_ll_ptr.o(.text)
    __printf                                 0x0801f205   Thumb Code   390  __printf_flags_ss_wp.o(.text)
    atoi                                     0x0801f391   Thumb Code    26  atoi.o(.text)
    strtol                                   0x0801f3ab   Thumb Code   112  strtol.o(.text)
    srand                                    0x0801f41d   Thumb Code    42  rand.o(.text)
    _rand_init                               0x0801f447   Thumb Code     4  rand.o(.text)
    strtok                                   0x0801f459   Thumb Code     6  strtok.o(.text)
    strchr                                   0x0801f465   Thumb Code    20  strchr.o(.text)
    strstr                                   0x0801f479   Thumb Code    36  strstr.o(.text)
    memcmp                                   0x0801f49d   Thumb Code    88  memcmp.o(.text)
    strcpy                                   0x0801f4f5   Thumb Code    72  strcpy.o(.text)
    strlen                                   0x0801f53d   Thumb Code    62  strlen.o(.text)
    strncmp                                  0x0801f57b   Thumb Code   150  strncmp.o(.text)
    __aeabi_memcpy                           0x0801f611   Thumb Code     0  rt_memcpy_v6.o(.text)
    __rt_memcpy                              0x0801f611   Thumb Code   138  rt_memcpy_v6.o(.text)
    _memcpy_lastbytes                        0x0801f677   Thumb Code     0  rt_memcpy_v6.o(.text)
    __aeabi_memcpy4                          0x0801f69b   Thumb Code     0  rt_memcpy_w.o(.text)
    __aeabi_memcpy8                          0x0801f69b   Thumb Code     0  rt_memcpy_w.o(.text)
    __rt_memcpy_w                            0x0801f69b   Thumb Code   100  rt_memcpy_w.o(.text)
    _memcpy_lastbytes_aligned                0x0801f6e3   Thumb Code     0  rt_memcpy_w.o(.text)
    __aeabi_memclr                           0x0801f6ff   Thumb Code     0  rt_memclr.o(.text)
    __rt_memclr                              0x0801f6ff   Thumb Code    68  rt_memclr.o(.text)
    _memset                                  0x0801f703   Thumb Code     0  rt_memclr.o(.text)
    __aeabi_memclr4                          0x0801f743   Thumb Code     0  rt_memclr_w.o(.text)
    __aeabi_memclr8                          0x0801f743   Thumb Code     0  rt_memclr_w.o(.text)
    __rt_memclr_w                            0x0801f743   Thumb Code    78  rt_memclr_w.o(.text)
    _memset_w                                0x0801f747   Thumb Code     0  rt_memclr_w.o(.text)
    strcmp                                   0x0801f791   Thumb Code   128  strcmpv7m.o(.text)
    __use_two_region_memory                  0x0801f811   Thumb Code     2  heapauxi.o(.text)
    __rt_heap_escrow$2region                 0x0801f813   Thumb Code     2  heapauxi.o(.text)
    __rt_heap_expand$2region                 0x0801f815   Thumb Code     2  heapauxi.o(.text)
    __I$use$semihosting                      0x0801f817   Thumb Code     0  use_no_semi.o(.text)
    __use_no_semihosting_swi                 0x0801f817   Thumb Code     2  use_no_semi.o(.text)
    __rt_locale                              0x0801f819   Thumb Code     8  rt_locale_intlibspace.o(.text)
    __aeabi_errno_addr                       0x0801f821   Thumb Code     8  rt_errno_addr_intlibspace.o(.text)
    __errno$intlibspace                      0x0801f821   Thumb Code     0  rt_errno_addr_intlibspace.o(.text)
    __rt_errno_addr$intlibspace              0x0801f821   Thumb Code     0  rt_errno_addr_intlibspace.o(.text)
    _printf_truncate_signed                  0x0801f829   Thumb Code    18  _printf_truncate.o(.text)
    _printf_truncate_unsigned                0x0801f83b   Thumb Code    18  _printf_truncate.o(.text)
    _printf_int_common                       0x0801f84d   Thumb Code   184  _printf_intcommon.o(.text)
    _printf_charcount                        0x0801f905   Thumb Code    42  _printf_charcount.o(.text)
    __lib_sel_fp_printf                      0x0801f92f   Thumb Code     2  _printf_fp_dec.o(.text)
    _printf_fp_dec_real                      0x0801fadb   Thumb Code   626  _printf_fp_dec.o(.text)
    _printf_char_common                      0x0801fd57   Thumb Code    32  _printf_char_common.o(.text)
    _sputc                                   0x0801fd7d   Thumb Code    10  _sputc.o(.text)
    _snputc                                  0x0801fd87   Thumb Code    16  _snputc.o(.text)
    _printf_cs_common                        0x0801fd97   Thumb Code    20  _printf_char.o(.text)
    _printf_char                             0x0801fdab   Thumb Code    16  _printf_char.o(.text)
    _printf_string                           0x0801fdbb   Thumb Code     8  _printf_char.o(.text)
    _printf_char_file                        0x0801fdc5   Thumb Code    32  _printf_char_file.o(.text)
    _printf_wctomb                           0x0801fde9   Thumb Code   182  _printf_wctomb.o(.text)
    _printf_longlong_dec                     0x0801fea5   Thumb Code   104  _printf_longlong_dec.o(.text)
    _printf_longlong_oct                     0x0801ff1d   Thumb Code    76  _printf_oct_int_ll.o(.text)
    _printf_int_oct                          0x0801ff69   Thumb Code    24  _printf_oct_int_ll.o(.text)
    _printf_ll_oct                           0x0801ff81   Thumb Code    12  _printf_oct_int_ll.o(.text)
    _strtoul                                 0x0801ff95   Thumb Code   158  _strtoul.o(.text)
    __strtod_int                             0x08020071   Thumb Code    88  strtod.o(.text)
    __strtok_internal                        0x080200d5   Thumb Code    64  strtok_int.o(.text)
    __user_libspace                          0x08020119   Thumb Code     8  libspace.o(.text)
    __user_perproc_libspace                  0x08020119   Thumb Code     0  libspace.o(.text)
    __user_perthread_libspace                0x08020119   Thumb Code     0  libspace.o(.text)
    _ll_udiv10                               0x08020121   Thumb Code   138  lludiv10.o(.text)
    isspace                                  0x080201ab   Thumb Code    18  isspace.o(.text)
    _printf_fp_infnan                        0x080201bd   Thumb Code   112  _printf_fp_infnan.o(.text)
    _printf_lcs_common                       0x0802023d   Thumb Code    20  _printf_wchar.o(.text)
    _printf_wchar                            0x08020251   Thumb Code    16  _printf_wchar.o(.text)
    _printf_wstring                          0x08020261   Thumb Code     8  _printf_wchar.o(.text)
    _chval                                   0x08020269   Thumb Code    28  _chval.o(.text)
    _sgetc                                   0x08020285   Thumb Code    30  _sgetc.o(.text)
    _sbackspace                              0x080202a3   Thumb Code    34  _sgetc.o(.text)
    _btod_etento                             0x080202c5   Thumb Code   222  bigflt0.o(.text)
    ferror                                   0x080203a9   Thumb Code     8  ferror.o(.text)
    _wcrtomb                                 0x080203b1   Thumb Code    64  _wcrtomb.o(.text)
    strcspn                                  0x080203f1   Thumb Code    32  strcspn.o(.text)
    strspn                                   0x08020411   Thumb Code    28  strspn.o(.text)
    __user_setup_stackheap                   0x0802042d   Thumb Code    74  sys_stackheap_outer.o(.text)
    _scanf_really_real                       0x0802066f   Thumb Code   676  scanf_fp.o(.text)
    exit                                     0x08020921   Thumb Code    12  exit.o(.text)
    __rt_fp_status_addr                      0x0802092d   Thumb Code     8  rt_fp_status_addr_intlibspace.o(.text)
    __read_errno                             0x08020935   Thumb Code    10  _rserrno.o(.text)
    __set_errno                              0x0802093f   Thumb Code    12  _rserrno.o(.text)
    _scanf_really_hex_real                   0x0802094d   Thumb Code   782  scanf_hexfp.o(.text)
    _scanf_really_infnan                     0x08020c69   Thumb Code   298  scanf_infnan.o(.text)
    __aeabi_llsl                             0x08020da5   Thumb Code     0  llshl.o(.text)
    _ll_shift_l                              0x08020da5   Thumb Code    38  llshl.o(.text)
    _btod_d2e                                0x08020dcb   Thumb Code    62  btod.o(CL$$btod_d2e)
    _d2e_denorm_low                          0x08020e09   Thumb Code    70  btod.o(CL$$btod_d2e_denorm_low)
    _d2e_norm_op1                            0x08020e4f   Thumb Code    96  btod.o(CL$$btod_d2e_norm_op1)
    __btod_div_common                        0x08020eaf   Thumb Code   696  btod.o(CL$$btod_div_common)
    _e2d                                     0x080211e9   Thumb Code    80  btod.o(CL$$btod_e2d)
    _e2e                                     0x0802123d   Thumb Code   198  btod.o(CL$$btod_e2e)
    _btod_ediv                               0x08021303   Thumb Code    40  btod.o(CL$$btod_ediv)
    _btod_edivd                              0x0802132b   Thumb Code    40  btod.o(CL$$btod_edivd)
    _btod_emul                               0x08021353   Thumb Code    40  btod.o(CL$$btod_emul)
    _btod_emuld                              0x0802137b   Thumb Code    40  btod.o(CL$$btod_emuld)
    __btod_mult_common                       0x080213a3   Thumb Code   580  btod.o(CL$$btod_mult_common)
    __ARM_fpclassify                         0x080215e7   Thumb Code    40  fpclassify.o(i.__ARM_fpclassify)
    __mathlib_dbl_underflow                  0x08021611   Thumb Code    10  dunder.o(i.__mathlib_dbl_underflow)
    __mathlib_narrow                         0x08021621   Thumb Code    16  narrow.o(i.__mathlib_narrow)
    __mathlib_tofloat                        0x08021631   Thumb Code   132  narrow.o(i.__mathlib_tofloat)
    __support_ldexp                          0x080216b9   Thumb Code    22  ldexp.o(i.__support_ldexp)
    _is_digit                                0x080216cf   Thumb Code    14  __printf_wp.o(i._is_digit)
    floor                                    0x080216dd   Thumb Code   204  floor.o(i.floor)
    frexp                                    0x080217b9   Thumb Code    80  frexp.o(i.frexp)
    ldexp                                    0x08021811   Thumb Code   126  ldexp.o(i.ldexp)
    strtod                                   0x0802188f   Thumb Code    28  strtod.o(i.strtod)
    _get_lc_ctype                            0x080218ad   Thumb Code    44  lc_ctype_c.o(locale$$code)
    _get_lc_numeric                          0x080218d9   Thumb Code    44  lc_numeric_c.o(locale$$code)
    __aeabi_d2f                              0x08021905   Thumb Code     0  d2f.o(x$fpl$d2f)
    _d2f                                     0x08021905   Thumb Code    98  d2f.o(x$fpl$d2f)
    __aeabi_dadd                             0x08021969   Thumb Code     0  daddsub_clz.o(x$fpl$dadd)
    _dadd                                    0x08021969   Thumb Code   332  daddsub_clz.o(x$fpl$dadd)
    __fpl_dcheck_NaN1                        0x08021ab9   Thumb Code    10  dcheck1.o(x$fpl$dcheck1)
    __fpl_dcmp_Inf                           0x08021ac9   Thumb Code    24  dcmpi.o(x$fpl$dcmpinf)
    __aeabi_ddiv                             0x08021ae1   Thumb Code     0  ddiv.o(x$fpl$ddiv)
    _ddiv                                    0x08021ae1   Thumb Code   552  ddiv.o(x$fpl$ddiv)
    __aeabi_cdcmpeq                          0x08021d91   Thumb Code     0  deqf.o(x$fpl$deqf)
    _dcmpeq                                  0x08021d91   Thumb Code   120  deqf.o(x$fpl$deqf)
    __aeabi_d2iz                             0x08021e09   Thumb Code     0  dfix.o(x$fpl$dfix)
    _dfix                                    0x08021e09   Thumb Code    94  dfix.o(x$fpl$dfix)
    __aeabi_d2uiz                            0x08021e69   Thumb Code     0  dfixu.o(x$fpl$dfixu)
    _dfixu                                   0x08021e69   Thumb Code    90  dfixu.o(x$fpl$dfixu)
    __aeabi_i2d                              0x08021ec3   Thumb Code     0  dflt_clz.o(x$fpl$dflt)
    _dflt                                    0x08021ec3   Thumb Code    46  dflt_clz.o(x$fpl$dflt)
    __aeabi_ui2d                             0x08021ef1   Thumb Code     0  dflt_clz.o(x$fpl$dfltu)
    _dfltu                                   0x08021ef1   Thumb Code    38  dflt_clz.o(x$fpl$dfltu)
    __aeabi_cdcmple                          0x08021f19   Thumb Code     0  dleqf.o(x$fpl$dleqf)
    _dcmple                                  0x08021f19   Thumb Code   120  dleqf.o(x$fpl$dleqf)
    __fpl_dcmple_InfNaN                      0x08021f7b   Thumb Code     0  dleqf.o(x$fpl$dleqf)
    __aeabi_dmul                             0x08021f91   Thumb Code     0  dmul.o(x$fpl$dmul)
    _dmul                                    0x08021f91   Thumb Code   332  dmul.o(x$fpl$dmul)
    __fpl_dnaninf                            0x080220e5   Thumb Code   156  dnaninf.o(x$fpl$dnaninf)
    __fpl_dretinf                            0x08022181   Thumb Code    12  dretinf.o(x$fpl$dretinf)
    __aeabi_cdrcmple                         0x0802218d   Thumb Code     0  drleqf.o(x$fpl$drleqf)
    _drcmple                                 0x0802218d   Thumb Code   108  drleqf.o(x$fpl$drleqf)
    __aeabi_drsub                            0x080221f9   Thumb Code     0  daddsub_clz.o(x$fpl$drsb)
    _drsb                                    0x080221f9   Thumb Code    22  daddsub_clz.o(x$fpl$drsb)
    __aeabi_dsub                             0x08022211   Thumb Code     0  daddsub_clz.o(x$fpl$dsub)
    _dsub                                    0x08022211   Thumb Code   464  daddsub_clz.o(x$fpl$dsub)
    __aeabi_f2d                              0x080223e5   Thumb Code     0  f2d.o(x$fpl$f2d)
    _f2d                                     0x080223e5   Thumb Code    86  f2d.o(x$fpl$f2d)
    __aeabi_fadd                             0x0802243d   Thumb Code     0  faddsub_clz.o(x$fpl$fadd)
    _fadd                                    0x0802243d   Thumb Code   196  faddsub_clz.o(x$fpl$fadd)
    __fpl_fcmp_Inf                           0x08022501   Thumb Code    24  fcmpi.o(x$fpl$fcmpinf)
    __aeabi_fdiv                             0x08022519   Thumb Code     0  fdiv.o(x$fpl$fdiv)
    _fdiv                                    0x08022519   Thumb Code   384  fdiv.o(x$fpl$fdiv)
    __aeabi_i2f                              0x0802269d   Thumb Code     0  fflt_clz.o(x$fpl$fflt)
    _fflt                                    0x0802269d   Thumb Code    48  fflt_clz.o(x$fpl$fflt)
    __aeabi_ui2f                             0x080226cd   Thumb Code     0  fflt_clz.o(x$fpl$ffltu)
    _ffltu                                   0x080226cd   Thumb Code    38  fflt_clz.o(x$fpl$ffltu)
    __aeabi_cfcmple                          0x080226f5   Thumb Code     0  fleqf.o(x$fpl$fleqf)
    _fcmple                                  0x080226f5   Thumb Code   104  fleqf.o(x$fpl$fleqf)
    __fpl_fcmple_InfNaN                      0x08022747   Thumb Code     0  fleqf.o(x$fpl$fleqf)
    __fpl_fnaninf                            0x0802275d   Thumb Code   140  fnaninf.o(x$fpl$fnaninf)
    _fp_init                                 0x080227e9   Thumb Code    14  fpinit.o(x$fpl$fpinit)
    __fplib_config_pureend_doubles           0x080227f5   Thumb Code     0  fpinit.o(x$fpl$fpinit)
    __fpl_fretinf                            0x080227f7   Thumb Code    10  fretinf.o(x$fpl$fretinf)
    __aeabi_cfrcmple                         0x08022801   Thumb Code     0  frleqf.o(x$fpl$frleqf)
    _frcmple                                 0x08022801   Thumb Code    98  frleqf.o(x$fpl$frleqf)
    __aeabi_fsub                             0x08022865   Thumb Code     0  faddsub_clz.o(x$fpl$fsub)
    _fsub                                    0x08022865   Thumb Code   234  faddsub_clz.o(x$fpl$fsub)
    _printf_fp_dec                           0x0802294f   Thumb Code     4  printf1.o(x$fpl$printf1)
    __fpl_return_NaN                         0x08022953   Thumb Code   100  retnan.o(x$fpl$retnan)
    __ARM_scalbn                             0x080229b7   Thumb Code    92  scalbn.o(x$fpl$scalbn)
    _scanf_real                              0x08022a13   Thumb Code     4  scanf1.o(x$fpl$scanf1)
    _scanf_hex_real                          0x08022a17   Thumb Code     4  scanf2.o(x$fpl$scanf2)
    _scanf_infnan                            0x08022a1b   Thumb Code     4  scanf2.o(x$fpl$scanf2)
    __fpl_cmpreturn                          0x08022a1f   Thumb Code    48  trapv.o(x$fpl$trapveneer)
    __I$use$fp                               0x08022a4f   Thumb Code     0  usenofp.o(x$fpl$usenofp)
    memtblsize                               0x08022bb4   Data           8  malloc.o(.constdata)
    memblksize                               0x08022bbc   Data           8  malloc.o(.constdata)
    memsize                                  0x08022bc4   Data           8  malloc.o(.constdata)
    file__a_shtml                            0x080286b8   Data          20  fs.o(.constdata)
    file__b_shtml                            0x080286cc   Data          20  fs.o(.constdata)
    file__index_html                         0x080286e0   Data          20  fs.o(.constdata)
    g_psDefaultFilenames                     0x080286f4   Data          40  httpd.o(.constdata)
    g_pcTagLeadIn                            0x0802871c   Data           4  httpd.o(.constdata)
    g_pcTagLeadOut                           0x08028720   Data           4  httpd.o(.constdata)
    _http_get                                0x080288f8   Data         122  http.o(.constdata)
    ethbroadcast                             0x0802897c   Data           6  etharp.o(.constdata)
    ethzero                                  0x08028982   Data           6  etharp.o(.constdata)
    ip_addr_any                              0x080289cc   Data           4  ip_addr.o(.constdata)
    ip_addr_broadcast                        0x080289d0   Data           4  ip_addr.o(.constdata)
    tcp_state_str                            0x08028a10   Data          44  tcp.o(.constdata)
    tcp_backoff                              0x08028a3c   Data          13  tcp.o(.constdata)
    tcp_persist_backoff                      0x08028a49   Data           7  tcp.o(.constdata)
    tcp_pcb_lists                            0x08028a50   Data          16  tcp.o(.constdata)
    pvNullPointer                            0x08028ab8   Data           4  sys_arch.o(.constdata)
    OSUnMapTbl                               0x08028afc   Data         256  os_core.o(.constdata)
    Region$$Table$$Base                      0x08028e9c   Number         0  anon$$obj.o(Region$$Table)
    Region$$Table$$Limit                     0x08028ebc   Number         0  anon$$obj.o(Region$$Table)
    __aeabi_HUGE_VAL                         0x08028ebc   Data           0  fpconst.o(c$$dinf)
    __aeabi_HUGE_VALL                        0x08028ebc   Data           0  fpconst.o(c$$dinf)
    __aeabi_INFINITY                         0x08028ebc   Data           0  fpconst.o(c$$dinf)
    __dInf                                   0x08028ebc   Data           0  fpconst.o(c$$dinf)
    __huge_val                               0x08028ebc   Data           0  fpconst.o(c$$dinf)
    __ctype                                  0x08028ed1   Data           0  lc_ctype_c.o(locale$$data)
    PowerSave                                0x20000000   Data           1  main.o(.data)
    SystemCoreClock                          0x20000004   Data           4  system_stm32f10x.o(.data)
    AHBPrescTable                            0x20000008   Data          16  system_stm32f10x.o(.data)
    USART_RX_STA                             0x2000001c   Data           2  usart.o(.data)
    __stdout                                 0x20000020   Data           4  usart.o(.data)
    auchCRCHi                                0x20000024   Data         256  mod.o(.data)
    auchCRCLo                                0x20000124   Data         256  mod.o(.data)
    BUFLENGTH                                0x20000224   Data           4  usart2.o(.data)
    Is485                                    0x20000228   Data           1  usart2.o(.data)
    coun485                                  0x20000229   Data           1  usart2.o(.data)
    DISTYPE                                  0x2000022c   Data           4  usart3.o(.data)
    dis_buf                                  0x20000230   Data           3  usart3.o(.data)
    DISLENGTH                                0x20000234   Data           4  usart3.o(.data)
    DISNUM                                   0x20000238   Data           4  usart3.o(.data)
    DISCOUNT                                 0x2000023c   Data           4  usart3.o(.data)
    WDIS                                     0x20000240   Data           4  usart3.o(.data)
    Ver                                      0x20000244   Data           1  stmflash.o(.data)
    mallco_dev                               0x20000260   Data          28  malloc.o(.data)
    usmart_nametab                           0x2000027c   Data          24  usmart_config.o(.data)
    usmart_dev                               0x20000294   Data         244  usmart_config.o(.data)
    LWIP_DHCP_TASK_STK                       0x20000388   Data           4  lwip_comm.o(.data)
    LWIP_DM9000_INPUT_TASK_STK               0x2000038c   Data           4  lwip_comm.o(.data)
    TCPIP_THREAD_TASK_STK                    0x20000390   Data           4  lwip_comm.o(.data)
    dm9000input                              0x20000394   Data           4  lwip_comm.o(.data)
    dm9000lock                               0x20000398   Data           4  lwip_comm.o(.data)
    g_pcSSIExtensions                        0x2000039c   Data          16  httpd.o(.data)
    g_pfnSSIHandler                          0x200003ac   Data           4  httpd.o(.data)
    g_iNumTags                               0x200003b0   Data           4  httpd.o(.data)
    g_ppcTags                                0x200003b4   Data           4  httpd.o(.data)
    g_pCGIs                                  0x200003b8   Data           4  httpd.o(.data)
    g_iNumCGIs                               0x200003bc   Data           4  httpd.o(.data)
    boo                                      0x200003c0   Data           1  httpd_cgi_ssi.o(.data)
    bnum                                     0x200003c1   Data           5  httpd_cgi_ssi.o(.data)
    IsTran                                   0x200003d0   Data           1  tcp_client_demo.o(.data)
    islink                                   0x200003d1   Data           1  tcp_client_demo.o(.data)
    IsDown                                   0x200003d2   Data           1  tcp_client_demo.o(.data)
    tcp_clientconn                           0x200003dc   Data           4  tcp_client_demo.o(.data)
    tcp_client_flag                          0x200003e0   Data           1  tcp_client_demo.o(.data)
    TIM5NUM                                  0x200003e4   Data           4  tcp_client_demo.o(.data)
    IsSend                                   0x200003e8   Data           1  tcp_client_demo.o(.data)
    current_netif                            0x200003f4   Data           4  ip.o(.data)
    current_header                           0x200003f8   Data           4  ip.o(.data)
    current_iphdr_src                        0x200003fc   Data           4  ip.o(.data)
    current_iphdr_dest                       0x20000400   Data           4  ip.o(.data)
    ram_heap                                 0x20000424   Data           4  mem.o(.data)
    memp_memory                              0x20000474   Data           4  memp.o(.data)
    netif_list                               0x20000478   Data           4  netif.o(.data)
    netif_default                            0x2000047c   Data           4  netif.o(.data)
    pbuf_free_ooseq_pending                  0x20000481   Data           1  pbuf.o(.data)
    tcp_ticks                                0x20000490   Data           4  tcp.o(.data)
    tcp_bound_pcbs                           0x20000494   Data           4  tcp.o(.data)
    tcp_listen_pcbs                          0x20000498   Data           4  tcp.o(.data)
    tcp_active_pcbs                          0x2000049c   Data           4  tcp.o(.data)
    tcp_tw_pcbs                              0x200004a0   Data           4  tcp.o(.data)
    tcp_tmp_pcb                              0x200004a4   Data           4  tcp.o(.data)
    tcp_active_pcbs_changed                  0x200004a8   Data           1  tcp.o(.data)
    tcp_input_pcb                            0x200004c8   Data           4  tcp_in.o(.data)
    udp_pcbs                                 0x200004d8   Data           4  udp.o(.data)
    h_errno                                  0x200004ec   Data           4  netdb.o(.data)
    OSCtxSwCtr                               0x20000504   Data           4  os_core.o(.data)
    OSEventFreeList                          0x20000508   Data           4  os_core.o(.data)
    OSFlagFreeList                           0x2000050c   Data           4  os_core.o(.data)
    OSCPUUsage                               0x20000510   Data           1  os_core.o(.data)
    OSIdleCtrMax                             0x20000514   Data           4  os_core.o(.data)
    OSIdleCtrRun                             0x20000518   Data           4  os_core.o(.data)
    OSStatRdy                                0x2000051c   Data           1  os_core.o(.data)
    OSIntNesting                             0x2000051d   Data           1  os_core.o(.data)
    OSLockNesting                            0x2000051e   Data           1  os_core.o(.data)
    OSPrioCur                                0x2000051f   Data           1  os_core.o(.data)
    OSPrioHighRdy                            0x20000520   Data           1  os_core.o(.data)
    OSRdyGrp                                 0x20000521   Data           1  os_core.o(.data)
    OSRdyTbl                                 0x20000522   Data           8  os_core.o(.data)
    OSRunning                                0x2000052a   Data           1  os_core.o(.data)
    OSTaskCtr                                0x2000052b   Data           1  os_core.o(.data)
    OSIdleCtr                                0x2000052c   Data           4  os_core.o(.data)
    OSTCBCur                                 0x20000530   Data           4  os_core.o(.data)
    OSTCBFreeList                            0x20000534   Data           4  os_core.o(.data)
    OSTCBHighRdy                             0x20000538   Data           4  os_core.o(.data)
    OSTCBList                                0x2000053c   Data           4  os_core.o(.data)
    OSTickStepState                          0x20000540   Data           1  os_core.o(.data)
    OSQFreeList                              0x20000544   Data           4  os_core.o(.data)
    OSTime                                   0x20000548   Data           4  os_core.o(.data)
    POW_TASK_STK                             0x20000550   Data         256  main.o(.bss)
    ReadDATA_TASK_STK                        0x20000650   Data         256  main.o(.bss)
    START_TASK_STK                           0x20000750   Data         512  main.o(.bss)
    BEEP_TASK_STK                            0x20000950   Data         256  main.o(.bss)
    USART_RX_BUF                             0x20000a50   Data         200  usart.o(.bss)
    dm9000cfg                                0x20000b18   Data          18  dm9000.o(.bss)
    read_buf                                 0x20000b2a   Data          19  usart2.o(.bss)
    my_data                                  0x20000b40   Data         160  stmflash.o(.bss)
    STMFLASH_BUF                             0x20000be0   Data        2048  stmflash.o(.bss)
    mem1base                                 0x200013f0   Data       40960  malloc.o(.bss)
    mem1mapbase                              0x2000b3f0   Data        2560  malloc.o(.bss)
    lwipdev                                  0x2000bdf0   Data          23  lwip_comm.o(.bss)
    lwip_netif                               0x2000be08   Data          48  lwip_comm.o(.bss)
    fs_memory                                0x2000be38   Data         240  fs.o(.bss)
    tcp_client_recvbuf                       0x2000c328   Data        2000  tcp_client_demo.o(.bss)
    tcp_client_sendbuf                       0x2000caf8   Data         256  tcp_client_demo.o(.bss)
    TCPCLIENT_TASK_STK                       0x2000cbf8   Data        1200  tcp_client_demo.o(.bss)
    iapbuf                                   0x2000d0a8   Data        2049  http.o(.bss)
    sizechar                                 0x2000d8a9   Data          10  http.o(.bss)
    OSEventTbl                               0x2000e0b4   Data         360  os_core.o(.bss)
    OSFlagTbl                                0x2000e21c   Data          80  os_core.o(.bss)
    OSTaskStatStk                            0x2000e26c   Data         256  os_core.o(.bss)
    OSTaskIdleStk                            0x2000e36c   Data         256  os_core.o(.bss)
    OSTCBPrioTbl                             0x2000e46c   Data         256  os_core.o(.bss)
    OSTCBTbl                                 0x2000e56c   Data        1848  os_core.o(.bss)
    OSQTbl                                   0x2000eca4   Data         120  os_core.o(.bss)
    _random_number_data                      0x2000ed1c   Data         228  rand.o(.bss)
    __libspace_start                         0x2000ee00   Data          96  libspace.o(.bss)
    __temporary_stack_top$libspace           0x2000ee60   Data           0  libspace.o(.bss)
    mem2base                                 0x68000000   Data       196608  malloc.o(.ARM.__AT_0x68000000)
    mem2mapbase                              0x68030000   Data       12288  malloc.o(.ARM.__AT_0x68030000)



==============================================================================

Memory Map of the image

  Image Entry point : 0x08000131

  Load Region LR_IROM1 (Base: 0x08000000, Size: 0x00029540, Max: 0x00080000, ABSOLUTE, COMPRESSED[0x000291d0])

    Execution Region ER_IROM1 (Base: 0x08000000, Size: 0x00028ff0, Max: 0x00080000, ABSOLUTE)

    Base Addr    Size         Type   Attr      Idx    E Section Name        Object

    0x08000000   0x00000130   Data   RO          270    RESET               startup_stm32f10x_hd.o
    0x08000130   0x00000008   Code   RO         1854  * !!!main             c_w.l(__main.o)
    0x08000138   0x00000034   Code   RO         2265    !!!scatter          c_w.l(__scatter.o)
    0x0800016c   0x0000005a   Code   RO         2263    !!dczerorl2         c_w.l(__dczerorl2.o)
    0x080001c6   0x00000002   PAD
    0x080001c8   0x0000001c   Code   RO         2267    !!handler_zi        c_w.l(__scatter_zi.o)
    0x080001e4   0x00000000   Code   RO         1817    .ARM.Collect$$_printf_percent$$00000000  c_w.l(_printf_percent.o)
    0x080001e4   0x00000006   Code   RO         1963    .ARM.Collect$$_printf_percent$$00000001  c_w.l(_printf_n.o)
    0x080001ea   0x00000006   Code   RO         1964    .ARM.Collect$$_printf_percent$$00000002  c_w.l(_printf_p.o)
    0x080001f0   0x00000006   Code   RO         1815    .ARM.Collect$$_printf_percent$$00000003  c_w.l(_printf_f.o)
    0x080001f6   0x00000006   Code   RO         1816    .ARM.Collect$$_printf_percent$$00000004  c_w.l(_printf_e.o)
    0x080001fc   0x00000006   Code   RO         1967    .ARM.Collect$$_printf_percent$$00000005  c_w.l(_printf_g.o)
    0x08000202   0x00000006   Code   RO         1968    .ARM.Collect$$_printf_percent$$00000006  c_w.l(_printf_a.o)
    0x08000208   0x0000000a   Code   RO         1973    .ARM.Collect$$_printf_percent$$00000007  c_w.l(_printf_ll.o)
    0x08000212   0x00000006   Code   RO         1813    .ARM.Collect$$_printf_percent$$00000008  c_w.l(_printf_i.o)
    0x08000218   0x00000006   Code   RO         1814    .ARM.Collect$$_printf_percent$$00000009  c_w.l(_printf_d.o)
    0x0800021e   0x00000006   Code   RO         1966    .ARM.Collect$$_printf_percent$$0000000A  c_w.l(_printf_u.o)
    0x08000224   0x00000006   Code   RO         1965    .ARM.Collect$$_printf_percent$$0000000B  c_w.l(_printf_o.o)
    0x0800022a   0x00000006   Code   RO         1812    .ARM.Collect$$_printf_percent$$0000000C  c_w.l(_printf_x.o)
    0x08000230   0x00000006   Code   RO         1970    .ARM.Collect$$_printf_percent$$0000000D  c_w.l(_printf_lli.o)
    0x08000236   0x00000006   Code   RO         1971    .ARM.Collect$$_printf_percent$$0000000E  c_w.l(_printf_lld.o)
    0x0800023c   0x00000006   Code   RO         1972    .ARM.Collect$$_printf_percent$$0000000F  c_w.l(_printf_llu.o)
    0x08000242   0x00000006   Code   RO         1977    .ARM.Collect$$_printf_percent$$00000010  c_w.l(_printf_llo.o)
    0x08000248   0x00000006   Code   RO         1978    .ARM.Collect$$_printf_percent$$00000011  c_w.l(_printf_llx.o)
    0x0800024e   0x0000000a   Code   RO         1974    .ARM.Collect$$_printf_percent$$00000012  c_w.l(_printf_l.o)
    0x08000258   0x00000006   Code   RO         1962    .ARM.Collect$$_printf_percent$$00000013  c_w.l(_printf_c.o)
    0x0800025e   0x00000006   Code   RO         1811    .ARM.Collect$$_printf_percent$$00000014  c_w.l(_printf_s.o)
    0x08000264   0x00000006   Code   RO         1975    .ARM.Collect$$_printf_percent$$00000015  c_w.l(_printf_lc.o)
    0x0800026a   0x00000006   Code   RO         1976    .ARM.Collect$$_printf_percent$$00000016  c_w.l(_printf_ls.o)
    0x08000270   0x00000004   Code   RO         1969    .ARM.Collect$$_printf_percent$$00000017  c_w.l(_printf_percent_end.o)
    0x08000274   0x00000006   Code   RO         2135    .ARM.Collect$$libinit$$00000000  c_w.l(libinit.o)
    0x0800027a   0x00000000   Code   RO         1990    .ARM.Collect$$libinit$$00000006  c_w.l(libinit2.o)
    0x0800027a   0x00000000   Code   RO         1992    .ARM.Collect$$libinit$$00000008  c_w.l(libinit2.o)
    0x0800027a   0x00000004   Code   RO         1993    .ARM.Collect$$libinit$$00000009  c_w.l(libinit2.o)
    0x0800027e   0x00000000   Code   RO         1994    .ARM.Collect$$libinit$$0000000A  c_w.l(libinit2.o)
    0x0800027e   0x00000006   Code   RO         1995    .ARM.Collect$$libinit$$0000000B  c_w.l(libinit2.o)
    0x08000284   0x00000000   Code   RO         1997    .ARM.Collect$$libinit$$0000000D  c_w.l(libinit2.o)
    0x08000284   0x0000000c   Code   RO         1998    .ARM.Collect$$libinit$$0000000E  c_w.l(libinit2.o)
    0x08000290   0x00000000   Code   RO         1999    .ARM.Collect$$libinit$$0000000F  c_w.l(libinit2.o)
    0x08000290   0x00000000   Code   RO         2001    .ARM.Collect$$libinit$$00000011  c_w.l(libinit2.o)
    0x08000290   0x0000000a   Code   RO         2002    .ARM.Collect$$libinit$$00000012  c_w.l(libinit2.o)
    0x0800029a   0x00000000   Code   RO         2003    .ARM.Collect$$libinit$$00000013  c_w.l(libinit2.o)
    0x0800029a   0x00000000   Code   RO         2005    .ARM.Collect$$libinit$$00000015  c_w.l(libinit2.o)
    0x0800029a   0x00000000   Code   RO         2007    .ARM.Collect$$libinit$$00000017  c_w.l(libinit2.o)
    0x0800029a   0x00000000   Code   RO         2009    .ARM.Collect$$libinit$$00000019  c_w.l(libinit2.o)
    0x0800029a   0x00000000   Code   RO         2011    .ARM.Collect$$libinit$$0000001B  c_w.l(libinit2.o)
    0x0800029a   0x00000000   Code   RO         2013    .ARM.Collect$$libinit$$0000001D  c_w.l(libinit2.o)
    0x0800029a   0x00000000   Code   RO         2015    .ARM.Collect$$libinit$$0000001F  c_w.l(libinit2.o)
    0x0800029a   0x00000000   Code   RO         2017    .ARM.Collect$$libinit$$00000021  c_w.l(libinit2.o)
    0x0800029a   0x00000000   Code   RO         2021    .ARM.Collect$$libinit$$00000028  c_w.l(libinit2.o)
    0x0800029a   0x00000000   Code   RO         2023    .ARM.Collect$$libinit$$0000002A  c_w.l(libinit2.o)
    0x0800029a   0x00000000   Code   RO         2025    .ARM.Collect$$libinit$$0000002C  c_w.l(libinit2.o)
    0x0800029a   0x00000000   Code   RO         2027    .ARM.Collect$$libinit$$0000002E  c_w.l(libinit2.o)
    0x0800029a   0x00000002   Code   RO         2028    .ARM.Collect$$libinit$$0000002F  c_w.l(libinit2.o)
    0x0800029c   0x00000002   Code   RO         2202    .ARM.Collect$$libshutdown$$00000000  c_w.l(libshutdown.o)
    0x0800029e   0x00000000   Code   RO         2223    .ARM.Collect$$libshutdown$$00000003  c_w.l(libshutdown2.o)
    0x0800029e   0x00000000   Code   RO         2226    .ARM.Collect$$libshutdown$$00000006  c_w.l(libshutdown2.o)
    0x0800029e   0x00000000   Code   RO         2229    .ARM.Collect$$libshutdown$$00000009  c_w.l(libshutdown2.o)
    0x0800029e   0x00000000   Code   RO         2231    .ARM.Collect$$libshutdown$$0000000B  c_w.l(libshutdown2.o)
    0x0800029e   0x00000000   Code   RO         2234    .ARM.Collect$$libshutdown$$0000000E  c_w.l(libshutdown2.o)
    0x0800029e   0x00000002   Code   RO         2235    .ARM.Collect$$libshutdown$$0000000F  c_w.l(libshutdown2.o)
    0x080002a0   0x00000000   Code   RO         1922    .ARM.Collect$$rtentry$$00000000  c_w.l(rtentry.o)
    0x080002a0   0x00000000   Code   RO         2046    .ARM.Collect$$rtentry$$00000002  c_w.l(rtentry2.o)
    0x080002a0   0x00000006   Code   RO         2058    .ARM.Collect$$rtentry$$00000004  c_w.l(rtentry4.o)
    0x080002a6   0x00000000   Code   RO         2048    .ARM.Collect$$rtentry$$00000009  c_w.l(rtentry2.o)
    0x080002a6   0x00000004   Code   RO         2049    .ARM.Collect$$rtentry$$0000000A  c_w.l(rtentry2.o)
    0x080002aa   0x00000000   Code   RO         2051    .ARM.Collect$$rtentry$$0000000C  c_w.l(rtentry2.o)
    0x080002aa   0x00000008   Code   RO         2052    .ARM.Collect$$rtentry$$0000000D  c_w.l(rtentry2.o)
    0x080002b2   0x00000002   Code   RO         2138    .ARM.Collect$$rtexit$$00000000  c_w.l(rtexit.o)
    0x080002b4   0x00000000   Code   RO         2165    .ARM.Collect$$rtexit$$00000002  c_w.l(rtexit2.o)
    0x080002b4   0x00000004   Code   RO         2166    .ARM.Collect$$rtexit$$00000003  c_w.l(rtexit2.o)
    0x080002b8   0x00000006   Code   RO         2167    .ARM.Collect$$rtexit$$00000004  c_w.l(rtexit2.o)
    0x080002be   0x00000002   PAD
    0x080002c0   0x00000034   Code   RO         1822    .emb_text           c_w.l(rand.o)
    0x080002f4   0x000008d8   Code   RO            1    .text               main.o
    0x08000bcc   0x00000016   Code   RO          201    .text               stm32f10x_it.o
    0x08000be2   0x00000002   PAD
    0x08000be4   0x000001e0   Code   RO          239    .text               system_stm32f10x.o
    0x08000dc4   0x00000040   Code   RO          271    .text               startup_stm32f10x_hd.o
    0x08000e04   0x00000138   Code   RO          275    .text               delay.o
    0x08000f3c   0x00000160   Code   RO          305    .text               usart.o
    0x0800109c   0x00000838   Code   RO          328    .text               dm9000.o
    0x080018d4   0x00000140   Code   RO          347    .text               adc.o
    0x08001a14   0x000000b4   Code   RO          363    .text               pwm.o
    0x08001ac8   0x0000003c   Code   RO          375    .text               beep.o
    0x08001b04   0x0000005c   Code   RO          387    .text               mod.o
    0x08001b60   0x0000062c   Code   RO          405    .text               usart2.o
    0x0800218c   0x000003e0   Code   RO          423    .text               usart3.o
    0x0800256c   0x00000148   Code   RO          439    .text               exti.o
    0x080026b4   0x000002e8   Code   RO          452    .text               stmflash.o
    0x0800299c   0x00001d7c   Code   RO          468    .text               cjson.o
    0x08004718   0x00000078   Code   RO          510    .text               gpios.o
    0x08004790   0x00000100   Code   RO          522    .text               misc.o
    0x08004890   0x00000688   Code   RO          534    .text               stm32f10x_fsmc.o
    0x08004f18   0x000003ac   Code   RO          546    .text               stm32f10x_gpio.o
    0x080052c4   0x00000414   Code   RO          558    .text               stm32f10x_rcc.o
    0x080056d8   0x00000fd0   Code   RO          572    .text               stm32f10x_tim.o
    0x080066a8   0x000004a6   Code   RO          584    .text               stm32f10x_usart.o
    0x08006b4e   0x00000002   PAD
    0x08006b50   0x00000148   Code   RO          596    .text               stm32f10x_exti.o
    0x08006c98   0x000004d8   Code   RO          608    .text               stm32f10x_adc.o
    0x08007170   0x00000668   Code   RO          656    .text               stm32f10x_flash.o
    0x080077d8   0x00000254   Code   RO          668    .text               malloc.o
    0x08007a2c   0x000007ac   Code   RO          690    .text               usmart.o
    0x080081d8   0x000005c4   Code   RO          721    .text               usmart_str.o
    0x0800879c   0x000002e4   Code   RO          733    .text               lwip_comm.o
    0x08008a80   0x0000011c   Code   RO          822    .text               fs.o
    0x08008b9c   0x00001374   Code   RO          847    .text               httpd.o
    0x08009f10   0x00001140   Code   RO          895    .text               httpd_cgi_ssi.o
    0x0800b050   0x00000f58   Code   RO          917    .text               tcp_client_demo.o
    0x0800bfa8   0x000007ec   Code   RO          954    .text               http.o
    0x0800c794   0x00000ec0   Code   RO          991    .text               etharp.o
    0x0800d654   0x00000170   Code   RO         1017    .text               ethernetif.o
    0x0800d7c4   0x00000468   Code   RO         1050    .text               icmp.o
    0x0800dc2c   0x000002cc   Code   RO         1077    .text               inet_chksum.o
    0x0800def8   0x00000460   Code   RO         1089    .text               ip.o
    0x0800e358   0x00000350   Code   RO         1130    .text               ip_addr.o
    0x0800e6a8   0x00000a70   Code   RO         1159    .text               ip_frag.o
    0x0800f118   0x00000044   Code   RO         1176    .text               def.o
    0x0800f15c   0x00000808   Code   RO         1194    .text               dns.o
    0x0800f964   0x00000028   Code   RO         1212    .text               init.o
    0x0800f98c   0x00000774   Code   RO         1239    .text               mem.o
    0x08010100   0x000001e4   Code   RO         1254    .text               memp.o
    0x080102e4   0x00000344   Code   RO         1287    .text               netif.o
    0x08010628   0x000011b2   Code   RO         1309    .text               pbuf.o
    0x080117da   0x00000002   PAD
    0x080117dc   0x0000025c   Code   RO         1333    .text               raw.o
    0x08011a38   0x000015f0   Code   RO         1353    .text               tcp.o
    0x08013028   0x00001e9c   Code   RO         1377    .text               tcp_in.o
    0x08014ec4   0x00001440   Code   RO         1400    .text               tcp_out.o
    0x08016304   0x0000031c   Code   RO         1413    .text               timers.o
    0x08016620   0x00000614   Code   RO         1427    .text               udp.o
    0x08016c34   0x00000418   Code   RO         1445    .text               sys_arch.o
    0x0801704c   0x00000d04   Code   RO         1464    .text               api_lib.o
    0x08017d50   0x000018f0   Code   RO         1495    .text               api_msg.o
    0x08019640   0x000003c4   Code   RO         1522    .text               netbuf.o
    0x08019a04   0x00000330   Code   RO         1534    .text               netdb.o
    0x08019d34   0x00001de0   Code   RO         1562    .text               sockets.o
    0x0801bb14   0x000003d0   Code   RO         1578    .text               tcpip.o
    0x0801bee4   0x00000a58   Code   RO         1601    .text               os_core.o
    0x0801c93c   0x0000092c   Code   RO         1621    .text               os_flag.o
    0x0801d268   0x000006e8   Code   RO         1651    .text               os_mutex.o
    0x0801d950   0x00000674   Code   RO         1663    .text               os_q.o
    0x0801dfc4   0x000003f4   Code   RO         1675    .text               os_sem.o
    0x0801e3b8   0x00000870   Code   RO         1687    .text               os_task.o
    0x0801ec28   0x000001dc   Code   RO         1699    .text               os_time.o
    0x0801ee04   0x000000ce   Code   RO         1717    .text               os_cpu_c.o
    0x0801eed2   0x00000002   PAD
    0x0801eed4   0x000000b4   Code   RO         1739    .text               os_cpu_a.o
    0x0801ef88   0x00000002   Code   RO         1744    .text               c_w.l(use_no_semi_2.o)
    0x0801ef8a   0x00000002   PAD
    0x0801ef8c   0x00000010   Code   RO         1746    .text               c_w.l(rt_ctype_table.o)
    0x0801ef9c   0x0000001a   Code   RO         1748    .text               c_w.l(tolower.o)
    0x0801efb6   0x0000001e   Code   RO         1750    .text               c_w.l(toupper.o)
    0x0801efd4   0x00000034   Code   RO         1752    .text               c_w.l(c89vsnprintf.o)
    0x0801f008   0x00000018   Code   RO         1754    .text               c_w.l(__2printf.o)
    0x0801f020   0x0000002c   Code   RO         1756    .text               c_w.l(__2sprintf.o)
    0x0801f04c   0x00000052   Code   RO         1764    .text               c_w.l(_printf_pad.o)
    0x0801f09e   0x00000052   Code   RO         1766    .text               c_w.l(_printf_str.o)
    0x0801f0f0   0x00000078   Code   RO         1768    .text               c_w.l(_printf_dec.o)
    0x0801f168   0x0000009c   Code   RO         1788    .text               c_w.l(_printf_hex_int_ll_ptr.o)
    0x0801f204   0x0000018c   Code   RO         1808    .text               c_w.l(__printf_flags_ss_wp.o)
    0x0801f390   0x0000001a   Code   RO         1818    .text               c_w.l(atoi.o)
    0x0801f3aa   0x00000070   Code   RO         1820    .text               c_w.l(strtol.o)
    0x0801f41a   0x00000002   PAD
    0x0801f41c   0x0000003c   Code   RO         1823    .text               c_w.l(rand.o)
    0x0801f458   0x0000000c   Code   RO         1827    .text               c_w.l(strtok.o)
    0x0801f464   0x00000014   Code   RO         1830    .text               c_w.l(strchr.o)
    0x0801f478   0x00000024   Code   RO         1832    .text               c_w.l(strstr.o)
    0x0801f49c   0x00000058   Code   RO         1834    .text               c_w.l(memcmp.o)
    0x0801f4f4   0x00000048   Code   RO         1836    .text               c_w.l(strcpy.o)
    0x0801f53c   0x0000003e   Code   RO         1838    .text               c_w.l(strlen.o)
    0x0801f57a   0x00000096   Code   RO         1840    .text               c_w.l(strncmp.o)
    0x0801f610   0x0000008a   Code   RO         1842    .text               c_w.l(rt_memcpy_v6.o)
    0x0801f69a   0x00000064   Code   RO         1844    .text               c_w.l(rt_memcpy_w.o)
    0x0801f6fe   0x00000044   Code   RO         1846    .text               c_w.l(rt_memclr.o)
    0x0801f742   0x0000004e   Code   RO         1848    .text               c_w.l(rt_memclr_w.o)
    0x0801f790   0x00000080   Code   RO         1850    .text               c_w.l(strcmpv7m.o)
    0x0801f810   0x00000006   Code   RO         1852    .text               c_w.l(heapauxi.o)
    0x0801f816   0x00000002   Code   RO         1920    .text               c_w.l(use_no_semi.o)
    0x0801f818   0x00000008   Code   RO         1926    .text               c_w.l(rt_locale_intlibspace.o)
    0x0801f820   0x00000008   Code   RO         1931    .text               c_w.l(rt_errno_addr_intlibspace.o)
    0x0801f828   0x00000024   Code   RO         1933    .text               c_w.l(_printf_truncate.o)
    0x0801f84c   0x000000b8   Code   RO         1935    .text               c_w.l(_printf_intcommon.o)
    0x0801f904   0x0000002a   Code   RO         1937    .text               c_w.l(_printf_charcount.o)
    0x0801f92e   0x0000041e   Code   RO         1939    .text               c_w.l(_printf_fp_dec.o)
    0x0801fd4c   0x00000030   Code   RO         1941    .text               c_w.l(_printf_char_common.o)
    0x0801fd7c   0x0000000a   Code   RO         1943    .text               c_w.l(_sputc.o)
    0x0801fd86   0x00000010   Code   RO         1945    .text               c_w.l(_snputc.o)
    0x0801fd96   0x0000002c   Code   RO         1947    .text               c_w.l(_printf_char.o)
    0x0801fdc2   0x00000002   PAD
    0x0801fdc4   0x00000024   Code   RO         1949    .text               c_w.l(_printf_char_file.o)
    0x0801fde8   0x000000bc   Code   RO         1951    .text               c_w.l(_printf_wctomb.o)
    0x0801fea4   0x00000078   Code   RO         1954    .text               c_w.l(_printf_longlong_dec.o)
    0x0801ff1c   0x00000078   Code   RO         1960    .text               c_w.l(_printf_oct_int_ll.o)
    0x0801ff94   0x0000009e   Code   RO         1979    .text               c_w.l(_strtoul.o)
    0x08020032   0x00000002   PAD
    0x08020034   0x000000a0   Code   RO         1981    .text               c_w.l(strtod.o)
    0x080200d4   0x00000044   Code   RO         1986    .text               c_w.l(strtok_int.o)
    0x08020118   0x00000008   Code   RO         2042    .text               c_w.l(libspace.o)
    0x08020120   0x0000008a   Code   RO         2060    .text               c_w.l(lludiv10.o)
    0x080201aa   0x00000012   Code   RO         2062    .text               c_w.l(isspace.o)
    0x080201bc   0x00000080   Code   RO         2064    .text               c_w.l(_printf_fp_infnan.o)
    0x0802023c   0x0000002c   Code   RO         2068    .text               c_w.l(_printf_wchar.o)
    0x08020268   0x0000001c   Code   RO         2070    .text               c_w.l(_chval.o)
    0x08020284   0x00000040   Code   RO         2072    .text               c_w.l(_sgetc.o)
    0x080202c4   0x000000e4   Code   RO         2074    .text               c_w.l(bigflt0.o)
    0x080203a8   0x00000008   Code   RO         2099    .text               c_w.l(ferror.o)
    0x080203b0   0x00000040   Code   RO         2103    .text               c_w.l(_wcrtomb.o)
    0x080203f0   0x00000020   Code   RO         2108    .text               c_w.l(strcspn.o)
    0x08020410   0x0000001c   Code   RO         2110    .text               c_w.l(strspn.o)
    0x0802042c   0x0000004a   Code   RO         2120    .text               c_w.l(sys_stackheap_outer.o)
    0x08020476   0x00000002   PAD
    0x08020478   0x000004a8   Code   RO         2122    .text               c_w.l(scanf_fp.o)
    0x08020920   0x0000000c   Code   RO         2124    .text               c_w.l(exit.o)
    0x0802092c   0x00000008   Code   RO         2176    .text               c_w.l(rt_fp_status_addr_intlibspace.o)
    0x08020934   0x00000016   Code   RO         2178    .text               c_w.l(_rserrno.o)
    0x0802094a   0x00000002   PAD
    0x0802094c   0x0000031c   Code   RO         2180    .text               c_w.l(scanf_hexfp.o)
    0x08020c68   0x0000013c   Code   RO         2182    .text               c_w.l(scanf_infnan.o)
    0x08020da4   0x00000026   Code   RO         2194    .text               c_w.l(llshl.o)
    0x08020dca   0x0000003e   Code   RO         2077    CL$$btod_d2e        c_w.l(btod.o)
    0x08020e08   0x00000046   Code   RO         2079    CL$$btod_d2e_denorm_low  c_w.l(btod.o)
    0x08020e4e   0x00000060   Code   RO         2078    CL$$btod_d2e_norm_op1  c_w.l(btod.o)
    0x08020eae   0x00000338   Code   RO         2087    CL$$btod_div_common  c_w.l(btod.o)
    0x080211e6   0x00000002   PAD
    0x080211e8   0x00000054   Code   RO         2085    CL$$btod_e2d        c_w.l(btod.o)
    0x0802123c   0x000000c6   Code   RO         2084    CL$$btod_e2e        c_w.l(btod.o)
    0x08021302   0x00000028   Code   RO         2081    CL$$btod_ediv       c_w.l(btod.o)
    0x0802132a   0x00000028   Code   RO         2083    CL$$btod_edivd      c_w.l(btod.o)
    0x08021352   0x00000028   Code   RO         2080    CL$$btod_emul       c_w.l(btod.o)
    0x0802137a   0x00000028   Code   RO         2082    CL$$btod_emuld      c_w.l(btod.o)
    0x080213a2   0x00000244   Code   RO         2086    CL$$btod_mult_common  c_w.l(btod.o)
    0x080215e6   0x00000028   Code   RO         2118    i.__ARM_fpclassify  m_ws.l(fpclassify.o)
    0x0802160e   0x00000002   PAD
    0x08021610   0x00000010   Code   RO         2238    i.__mathlib_dbl_underflow  m_ws.l(dunder.o)
    0x08021620   0x00000010   Code   RO         2157    i.__mathlib_narrow  m_ws.l(narrow.o)
    0x08021630   0x00000088   Code   RO         2158    i.__mathlib_tofloat  m_ws.l(narrow.o)
    0x080216b8   0x00000016   Code   RO         2206    i.__support_ldexp   m_ws.l(ldexp.o)
    0x080216ce   0x0000000e   Code   RO         1801    i._is_digit         c_w.l(__printf_wp.o)
    0x080216dc   0x000000dc   Code   RO         1913    i.floor             m_ws.l(floor.o)
    0x080217b8   0x00000058   Code   RO         2191    i.frexp             m_ws.l(frexp.o)
    0x08021810   0x0000007e   Code   RO         2207    i.ldexp             m_ws.l(ldexp.o)
    0x0802188e   0x0000001c   Code   RO         1917    i.strtod            m_ws.l(strtod.o)
    0x080218aa   0x00000002   PAD
    0x080218ac   0x0000002c   Code   RO         1984    locale$$code        c_w.l(lc_ctype_c.o)
    0x080218d8   0x0000002c   Code   RO         2106    locale$$code        c_w.l(lc_numeric_c.o)
    0x08021904   0x00000062   Code   RO         2188    x$fpl$d2f           fz_ws.l(d2f.o)
    0x08021966   0x00000002   PAD
    0x08021968   0x00000150   Code   RO         1856    x$fpl$dadd          fz_ws.l(daddsub_clz.o)
    0x08021ab8   0x00000010   Code   RO         2236    x$fpl$dcheck1       fz_ws.l(dcheck1.o)
    0x08021ac8   0x00000018   Code   RO         2029    x$fpl$dcmpinf       fz_ws.l(dcmpi.o)
    0x08021ae0   0x000002b0   Code   RO         1863    x$fpl$ddiv          fz_ws.l(ddiv.o)
    0x08021d90   0x00000078   Code   RO         1866    x$fpl$deqf          fz_ws.l(deqf.o)
    0x08021e08   0x0000005e   Code   RO         1868    x$fpl$dfix          fz_ws.l(dfix.o)
    0x08021e66   0x00000002   PAD
    0x08021e68   0x0000005a   Code   RO         1872    x$fpl$dfixu         fz_ws.l(dfixu.o)
    0x08021ec2   0x0000002e   Code   RO         1877    x$fpl$dflt          fz_ws.l(dflt_clz.o)
    0x08021ef0   0x00000026   Code   RO         1876    x$fpl$dfltu         fz_ws.l(dflt_clz.o)
    0x08021f16   0x00000002   PAD
    0x08021f18   0x00000078   Code   RO         1882    x$fpl$dleqf         fz_ws.l(dleqf.o)
    0x08021f90   0x00000154   Code   RO         1884    x$fpl$dmul          fz_ws.l(dmul.o)
    0x080220e4   0x0000009c   Code   RO         2031    x$fpl$dnaninf       fz_ws.l(dnaninf.o)
    0x08022180   0x0000000c   Code   RO         2033    x$fpl$dretinf       fz_ws.l(dretinf.o)
    0x0802218c   0x0000006c   Code   RO         1886    x$fpl$drleqf        fz_ws.l(drleqf.o)
    0x080221f8   0x00000016   Code   RO         1857    x$fpl$drsb          fz_ws.l(daddsub_clz.o)
    0x0802220e   0x00000002   PAD
    0x08022210   0x000001d4   Code   RO         1858    x$fpl$dsub          fz_ws.l(daddsub_clz.o)
    0x080223e4   0x00000056   Code   RO         1888    x$fpl$f2d           fz_ws.l(f2d.o)
    0x0802243a   0x00000002   PAD
    0x0802243c   0x000000c4   Code   RO         1890    x$fpl$fadd          fz_ws.l(faddsub_clz.o)
    0x08022500   0x00000018   Code   RO         2035    x$fpl$fcmpinf       fz_ws.l(fcmpi.o)
    0x08022518   0x00000184   Code   RO         1897    x$fpl$fdiv          fz_ws.l(fdiv.o)
    0x0802269c   0x00000030   Code   RO         1901    x$fpl$fflt          fz_ws.l(fflt_clz.o)
    0x080226cc   0x00000026   Code   RO         1900    x$fpl$ffltu         fz_ws.l(fflt_clz.o)
    0x080226f2   0x00000002   PAD
    0x080226f4   0x00000068   Code   RO         1906    x$fpl$fleqf         fz_ws.l(fleqf.o)
    0x0802275c   0x0000008c   Code   RO         2037    x$fpl$fnaninf       fz_ws.l(fnaninf.o)
    0x080227e8   0x0000000e   Code   RO         2149    x$fpl$fpinit        fz_ws.l(fpinit.o)
    0x080227f6   0x0000000a   Code   RO         2039    x$fpl$fretinf       fz_ws.l(fretinf.o)
    0x08022800   0x00000062   Code   RO         1908    x$fpl$frleqf        fz_ws.l(frleqf.o)
    0x08022862   0x00000002   PAD
    0x08022864   0x000000ea   Code   RO         1892    x$fpl$fsub          fz_ws.l(faddsub_clz.o)
    0x0802294e   0x00000004   Code   RO         1910    x$fpl$printf1       fz_ws.l(printf1.o)
    0x08022952   0x00000064   Code   RO         2257    x$fpl$retnan        fz_ws.l(retnan.o)
    0x080229b6   0x0000005c   Code   RO         2203    x$fpl$scalbn        fz_ws.l(scalbn.o)
    0x08022a12   0x00000004   Code   RO         2116    x$fpl$scanf1        fz_ws.l(scanf1.o)
    0x08022a16   0x00000008   Code   RO         2151    x$fpl$scanf2        fz_ws.l(scanf2.o)
    0x08022a1e   0x00000030   Code   RO         2259    x$fpl$trapveneer    fz_ws.l(trapv.o)
    0x08022a4e   0x00000000   Code   RO         2041    x$fpl$usenofp       fz_ws.l(usenofp.o)
    0x08022a4e   0x00000002   PAD
    0x08022a50   0x0000005d   Data   RO            3    .constdata          main.o
    0x08022aad   0x00000003   PAD
    0x08022ab0   0x0000005c   Data   RO          407    .constdata          usart2.o
    0x08022b0c   0x000000a0   Data   RO          440    .constdata          exti.o
    0x08022bac   0x00000005   Data   RO          470    .constdata          cjson.o
    0x08022bb1   0x00000003   PAD
    0x08022bb4   0x00000018   Data   RO          672    .constdata          malloc.o
    0x08022bcc   0x0000016f   Data   RO          691    .constdata          usmart.o
    0x08022d3b   0x00000001   PAD
    0x08022d3c   0x000059b8   Data   RO          824    .constdata          fs.o
    0x080286f4   0x00000030   Data   RO          849    .constdata          httpd.o
    0x08028724   0x000000ae   Data   RO          896    .constdata          httpd_cgi_ssi.o
    0x080287d2   0x00000002   PAD
    0x080287d4   0x00000123   Data   RO          919    .constdata          tcp_client_demo.o
    0x080288f7   0x00000001   PAD
    0x080288f8   0x00000082   Data   RO          956    .constdata          http.o
    0x0802897a   0x00000002   PAD
    0x0802897c   0x00000050   Data   RO          993    .constdata          etharp.o
    0x080289cc   0x00000008   Data   RO         1132    .constdata          ip_addr.o
    0x080289d4   0x0000003c   Data   RO         1256    .constdata          memp.o
    0x08028a10   0x00000050   Data   RO         1354    .constdata          tcp.o
    0x08028a60   0x00000055   Data   RO         1401    .constdata          tcp_out.o
    0x08028ab5   0x00000003   PAD
    0x08028ab8   0x00000004   Data   RO         1446    .constdata          sys_arch.o
    0x08028abc   0x00000040   Data   RO         1564    .constdata          sockets.o
    0x08028afc   0x00000100   Data   RO         1603    .constdata          os_core.o
    0x08028bfc   0x00000028   Data   RO         1789    .constdata          c_w.l(_printf_hex_int_ll_ptr.o)
    0x08028c24   0x00000011   Data   RO         1809    .constdata          c_w.l(__printf_flags_ss_wp.o)
    0x08028c35   0x00000003   PAD
    0x08028c38   0x00000008   Data   RO         1952    .constdata          c_w.l(_printf_wctomb.o)
    0x08028c40   0x00000094   Data   RO         2075    .constdata          c_w.l(bigflt0.o)
    0x08028cd4   0x0000002b   Data   RO          708    .conststring        usmart_config.o
    0x08028cff   0x0000004a   Data   RO          850    .conststring        httpd.o
    0x08028d49   0x00000057   Data   RO          897    .conststring        httpd_cgi_ssi.o
    0x08028da0   0x00000099   Data   RO         1257    .conststring        memp.o
    0x08028e39   0x00000061   Data   RO         1355    .conststring        tcp.o
    0x08028e9a   0x00000002   PAD
    0x08028e9c   0x00000020   Data   RO         2261    Region$$Table       anon$$obj.o
    0x08028ebc   0x00000008   Data   RO         2146    c$$dinf             fz_ws.l(fpconst.o)
    0x08028ec4   0x00000110   Data   RO         1983    locale$$data        c_w.l(lc_ctype_c.o)
    0x08028fd4   0x0000001c   Data   RO         2105    locale$$data        c_w.l(lc_numeric_c.o)


    Execution Region RW_IRAM1 (Base: 0x20000000, Size: 0x0000f460, Max: 0x00010000, ABSOLUTE, COMPRESSED[0x000001e0])

    Base Addr    Size         Type   Attr      Idx    E Section Name        Object

    0x20000000   0x00000001   Data   RW            4    .data               main.o
    0x20000001   0x00000003   PAD
    0x20000004   0x00000014   Data   RW          240    .data               system_stm32f10x.o
    0x20000018   0x00000004   Data   RW          276    .data               delay.o
    0x2000001c   0x00000008   Data   RW          307    .data               usart.o
    0x20000024   0x00000200   Data   RW          388    .data               mod.o
    0x20000224   0x00000006   Data   RW          408    .data               usart2.o
    0x2000022a   0x00000002   PAD
    0x2000022c   0x00000018   Data   RW          424    .data               usart3.o
    0x20000244   0x00000001   Data   RW          454    .data               stmflash.o
    0x20000245   0x00000003   PAD
    0x20000248   0x00000004   Data   RW          471    .data               cjson.o
    0x2000024c   0x00000014   Data   RW          559    .data               stm32f10x_rcc.o
    0x20000260   0x0000001c   Data   RW          673    .data               malloc.o
    0x2000027c   0x0000010c   Data   RW          709    .data               usmart_config.o
    0x20000388   0x00000014   Data   RW          735    .data               lwip_comm.o
    0x2000039c   0x00000024   Data   RW          851    .data               httpd.o
    0x200003c0   0x00000010   Data   RW          898    .data               httpd_cgi_ssi.o
    0x200003d0   0x00000019   Data   RW          920    .data               tcp_client_demo.o
    0x200003e9   0x00000003   PAD
    0x200003ec   0x00000004   Data   RW          957    .data               http.o
    0x200003f0   0x00000001   Data   RW          994    .data               etharp.o
    0x200003f1   0x00000003   PAD
    0x200003f4   0x00000012   Data   RW         1090    .data               ip.o
    0x20000406   0x00000002   PAD
    0x20000408   0x00000006   Data   RW         1160    .data               ip_frag.o
    0x2000040e   0x00000002   PAD
    0x20000410   0x00000014   Data   RW         1196    .data               dns.o
    0x20000424   0x00000014   Data   RW         1240    .data               mem.o
    0x20000438   0x00000040   Data   RW         1258    .data               memp.o
    0x20000478   0x00000009   Data   RW         1288    .data               netif.o
    0x20000481   0x00000001   Data   RW         1310    .data               pbuf.o
    0x20000482   0x00000002   PAD
    0x20000484   0x00000004   Data   RW         1334    .data               raw.o
    0x20000488   0x00000023   Data   RW         1356    .data               tcp.o
    0x200004ab   0x00000001   PAD
    0x200004ac   0x00000020   Data   RW         1379    .data               tcp_in.o
    0x200004cc   0x00000008   Data   RW         1414    .data               timers.o
    0x200004d4   0x00000008   Data   RW         1428    .data               udp.o
    0x200004dc   0x00000014   Data   RW         1536    .data               netdb.o
    0x200004f0   0x00000008   Data   RW         1565    .data               sockets.o
    0x200004f8   0x0000000c   Data   RW         1579    .data               tcpip.o
    0x20000504   0x00000048   Data   RW         1604    .data               os_core.o
    0x2000054c   0x00000004   Data   RW         1828    .data               c_w.l(strtok.o)
    0x20000550   0x00000500   Zero   RW            2    .bss                main.o
    0x20000a50   0x000000c8   Zero   RW          306    .bss                usart.o
    0x20000b18   0x00000012   Zero   RW          329    .bss                dm9000.o
    0x20000b2a   0x00000013   Zero   RW          406    .bss                usart2.o
    0x20000b3d   0x00000003   PAD
    0x20000b40   0x000008a0   Zero   RW          453    .bss                stmflash.o
    0x200013e0   0x0000000f   Zero   RW          469    .bss                cjson.o
    0x200013ef   0x00000001   PAD
    0x200013f0   0x0000aa00   Zero   RW          671    .bss                malloc.o
    0x2000bdf0   0x00000048   Zero   RW          734    .bss                lwip_comm.o
    0x2000be38   0x000000f0   Zero   RW          823    .bss                fs.o
    0x2000bf28   0x00000400   Zero   RW          848    .bss                httpd.o
    0x2000c328   0x00000d80   Zero   RW          918    .bss                tcp_client_demo.o
    0x2000d0a8   0x0000080b   Zero   RW          955    .bss                http.o
    0x2000d8b3   0x00000001   PAD
    0x2000d8b4   0x000000c8   Zero   RW          992    .bss                etharp.o
    0x2000d97c   0x00000010   Zero   RW         1131    .bss                ip_addr.o
    0x2000d98c   0x00000663   Zero   RW         1195    .bss                dns.o
    0x2000dfef   0x00000001   PAD
    0x2000dff0   0x0000003c   Zero   RW         1255    .bss                memp.o
    0x2000e02c   0x00000014   Zero   RW         1378    .bss                tcp_in.o
    0x2000e040   0x00000014   Zero   RW         1535    .bss                netdb.o
    0x2000e054   0x00000060   Zero   RW         1563    .bss                sockets.o
    0x2000e0b4   0x00000c68   Zero   RW         1602    .bss                os_core.o
    0x2000ed1c   0x000000e4   Zero   RW         1824    .bss                c_w.l(rand.o)
    0x2000ee00   0x00000060   Zero   RW         2043    .bss                c_w.l(libspace.o)
    0x2000ee60   0x00000200   Zero   RW          269    HEAP                startup_stm32f10x_hd.o
    0x2000f060   0x00000400   Zero   RW          268    STACK               startup_stm32f10x_hd.o



  Load Region LR$$.ARM.__AT_0x68000000 (Base: 0x68000000, Size: 0x00000000, Max: 0x00030000, ABSOLUTE)

    Execution Region ER$$.ARM.__AT_0x68000000 (Base: 0x68000000, Size: 0x00030000, Max: 0x00030000, ABSOLUTE, UNINIT)

    Base Addr    Size         Type   Attr      Idx    E Section Name        Object

    0x68000000   0x00030000   Zero   RW          669    .ARM.__AT_0x68000000  malloc.o



  Load Region LR$$.ARM.__AT_0x68030000 (Base: 0x68030000, Size: 0x00000000, Max: 0x00003000, ABSOLUTE)

    Execution Region ER$$.ARM.__AT_0x68030000 (Base: 0x68030000, Size: 0x00003000, Max: 0x00003000, ABSOLUTE, UNINIT)

    Base Addr    Size         Type   Attr      Idx    E Section Name        Object

    0x68030000   0x00003000   Zero   RW          670    .ARM.__AT_0x68030000  malloc.o


==============================================================================

Image component sizes


      Code (inc. data)   RO Data    RW Data    ZI Data      Debug   Object Name

       320          8          0          0          0       1097   adc.o
      3332        896          0          0          0      18163   api_lib.o
      6384       1262          0          0          0      11080   api_msg.o
        60          6          0          0          0        420   beep.o
      7548        160          5          4         15      28232   cjson.o
         0          0          0          0          0         32   core_cm3.o
        68          0          0          0          0       1074   def.o
       312         24          0          4          0       1641   delay.o
      2104        230          0          0         18       7961   dm9000.o
      2056        292          0         20       1635       7465   dns.o
      3776        604         80          1        200       9931   etharp.o
       368        116          0          0          0       3626   ethernetif.o
       328         22        160          0          0        841   exti.o
       284         10      22968          0        240       4210   fs.o
       120         10          0          0          0        449   gpios.o
      2028        204        130          4       2059      15319   http.o
      4980        792        122         36       1024      20249   httpd.o
      4416        506        261         16          0      24857   httpd_cgi_ssi.o
      1128        372          0          0          0       2650   icmp.o
       716        106          0          0          0       3001   inet_chksum.o
        40          0          0          0          0       5348   init.o
      1120        172          0         18          0      16483   ip.o
       848        110          8          0         16       9151   ip_addr.o
      2672        488          0          6          0       7232   ip_frag.o
       740         52          0         20         72       8540   lwip_comm.o
      2264        466         93          1       1280     300766   main.o
       596         18         24         28     252416       4420   malloc.o
      1908        564          0         20          0       3990   mem.o
       484        198        213         64         60       2808   memp.o
       256         30          0          0          0       1705   misc.o
        92          8          0        512          0       1262   mod.o
       964        342          0          0          0       3017   netbuf.o
       816        178          0         20         20       4671   netdb.o
       836        126          0          9          0       6025   netif.o
      2648        240        256         72       3176      15565   os_core.o
       180         36          0          0          0        260   os_cpu_a.o
       206          0          0          0          0      10130   os_cpu_c.o
      2348         40          0          0          0       7016   os_flag.o
      1768         56          0          0          0       4494   os_mutex.o
      1652         34          0          0          0       5669   os_q.o
      1012         22          0          0          0       3946   os_sem.o
      2160         76          0          0          0       7697   os_task.o
       476         28          0          0          0       1790   os_time.o
      4530       1244          0          1          0      10639   pbuf.o
       180         14          0          0          0        539   pwm.o
       604        132          0          4          0       3241   raw.o
      7648        682         64          8         96      18198   sockets.o
        64         26        304          0       1536        728   startup_stm32f10x_hd.o
      1240         28          0          0          0      11061   stm32f10x_adc.o
       328         24          0          0          0       2171   stm32f10x_exti.o
      1640         52          0          0          0       8198   stm32f10x_flash.o
      1672         62          0          0          0       5291   stm32f10x_fsmc.o
       940         46          0          0          0       5685   stm32f10x_gpio.o
        22          0          0          0          0        931   stm32f10x_it.o
      1044         52          0         20          0       8816   stm32f10x_rcc.o
      4048         86          0          0          0      22972   stm32f10x_tim.o
      1190         22          0          0          0       8408   stm32f10x_usart.o
       744         22          0          1       2208       4406   stmflash.o
      1048        166          4          0          0       6246   sys_arch.o
       480         36          0         20          0       1551   system_stm32f10x.o
      5616       1122        177         35          0      22120   tcp.o
      3928       1058        291         25       3456      15272   tcp_client_demo.o
      7836       1080          0         32         20      15823   tcp_in.o
      5184        954         85          0          0       9991   tcp_out.o
       976        196          0         12          0       9820   tcpip.o
       796        180          0          8          0       3307   timers.o
      1556        204          0          8          0       6834   udp.o
       352         20          0          8        200       2886   usart.o
      1580        130         92          6         19       2963   usart2.o
       992        148          0         24          0       2297   usart3.o
      1964        826        367          0          0       3847   usmart.o
         0          0         43        268          0       1328   usmart_config.o
      1476         12          0          0          0       5193   usmart_str.o

    ----------------------------------------------------------------------
    126100      17528      25796       1356     269772     815045   Object Totals
         0          0         32          0          0          0   (incl. Generated)
         8          0         17         21          6          0   (incl. Padding)

    ----------------------------------------------------------------------

      Code (inc. data)   RO Data    RW Data    ZI Data      Debug   Library Member Name

        24          4          0          0          0         84   __2printf.o
        44          6          0          0          0         84   __2sprintf.o
        90          0          0          0          0          0   __dczerorl2.o
         8          0          0          0          0         68   __main.o
       396          6         17          0          0         92   __printf_flags_ss_wp.o
        14          0          0          0          0         68   __printf_wp.o
        52          8          0          0          0          0   __scatter.o
        28          0          0          0          0          0   __scatter_zi.o
        28          0          0          0          0         68   _chval.o
         6          0          0          0          0          0   _printf_a.o
         6          0          0          0          0          0   _printf_c.o
        44          0          0          0          0        108   _printf_char.o
        48          6          0          0          0         96   _printf_char_common.o
        36          4          0          0          0         80   _printf_char_file.o
        42          0          0          0          0         68   _printf_charcount.o
         6          0          0          0          0          0   _printf_d.o
       120         18          0          0          0         92   _printf_dec.o
         6          0          0          0          0          0   _printf_e.o
         6          0          0          0          0          0   _printf_f.o
      1054          0          0          0          0        216   _printf_fp_dec.o
       128         16          0          0          0         84   _printf_fp_infnan.o
         6          0          0          0          0          0   _printf_g.o
       156          6         40          0          0        160   _printf_hex_int_ll_ptr.o
         6          0          0          0          0          0   _printf_i.o
       184          0          0          0          0         88   _printf_intcommon.o
        10          0          0          0          0          0   _printf_l.o
         6          0          0          0          0          0   _printf_lc.o
        10          0          0          0          0          0   _printf_ll.o
         6          0          0          0          0          0   _printf_lld.o
         6          0          0          0          0          0   _printf_lli.o
         6          0          0          0          0          0   _printf_llo.o
         6          0          0          0          0          0   _printf_llu.o
         6          0          0          0          0          0   _printf_llx.o
       120         16          0          0          0         92   _printf_longlong_dec.o
         6          0          0          0          0          0   _printf_ls.o
         6          0          0          0          0          0   _printf_n.o
         6          0          0          0          0          0   _printf_o.o
       120          8          0          0          0        124   _printf_oct_int_ll.o
         6          0          0          0          0          0   _printf_p.o
        82          0          0          0          0        108   _printf_pad.o
         0          0          0          0          0          0   _printf_percent.o
         4          0          0          0          0          0   _printf_percent_end.o
         6          0          0          0          0          0   _printf_s.o
        82          0          0          0          0         80   _printf_str.o
        36          0          0          0          0         84   _printf_truncate.o
         6          0          0          0          0          0   _printf_u.o
        44          0          0          0          0        108   _printf_wchar.o
       188          6          8          0          0         92   _printf_wctomb.o
         6          0          0          0          0          0   _printf_x.o
        22          0          0          0          0        100   _rserrno.o
        64          0          0          0          0         84   _sgetc.o
        16          0          0          0          0         68   _snputc.o
        10          0          0          0          0         68   _sputc.o
       158          0          0          0          0         92   _strtoul.o
        64          0          0          0          0         92   _wcrtomb.o
        26          0          0          0          0         80   atoi.o
       228          6        148          0          0         96   bigflt0.o
      2074        132          0          0          0        940   btod.o
        52          6          0          0          0         80   c89vsnprintf.o
        12          0          0          0          0         72   exit.o
         8          0          0          0          0         68   ferror.o
         6          0          0          0          0        152   heapauxi.o
        18          0          0          0          0         76   isspace.o
        44         10        272          0          0         76   lc_ctype_c.o
        44         10         28          0          0         76   lc_numeric_c.o
         6          0          0          0          0          0   libinit.o
        34          0          0          0          0          0   libinit2.o
         2          0          0          0          0          0   libshutdown.o
         2          0          0          0          0          0   libshutdown2.o
         8          4          0          0         96         68   libspace.o
        38          0          0          0          0         68   llshl.o
       138          0          0          0          0         80   lludiv10.o
        88          0          0          0          0         76   memcmp.o
       112         18          0          0        228        160   rand.o
        16          4          0          0          0         76   rt_ctype_table.o
         8          4          0          0          0         68   rt_errno_addr_intlibspace.o
         8          4          0          0          0         68   rt_fp_status_addr_intlibspace.o
         8          4          0          0          0         68   rt_locale_intlibspace.o
        68          0          0          0          0         68   rt_memclr.o
        78          0          0          0          0         80   rt_memclr_w.o
       138          0          0          0          0         68   rt_memcpy_v6.o
       100          0          0          0          0         80   rt_memcpy_w.o
         0          0          0          0          0          0   rtentry.o
        12          0          0          0          0          0   rtentry2.o
         6          0          0          0          0          0   rtentry4.o
         2          0          0          0          0          0   rtexit.o
        10          0          0          0          0          0   rtexit2.o
      1192         14          0          0          0        148   scanf_fp.o
       796         14          0          0          0        100   scanf_hexfp.o
       316         18          0          0          0        100   scanf_infnan.o
        20          0          0          0          0         68   strchr.o
       128          0          0          0          0         68   strcmpv7m.o
        72          0          0          0          0         80   strcpy.o
        32          0          0          0          0         80   strcspn.o
        62          0          0          0          0         76   strlen.o
       150          0          0          0          0         80   strncmp.o
        28          0          0          0          0         80   strspn.o
        36          0          0          0          0         80   strstr.o
       160         12          0          0          0        120   strtod.o
        12          6          0          4          0         68   strtok.o
        68          4          0          0          0         84   strtok_int.o
       112          0          0          0          0         88   strtol.o
        74          0          0          0          0         80   sys_stackheap_outer.o
        26          0          0          0          0         76   tolower.o
        30          0          0          0          0         76   toupper.o
         2          0          0          0          0         68   use_no_semi.o
         2          0          0          0          0         68   use_no_semi_2.o
        98          4          0          0          0         92   d2f.o
       826         16          0          0          0        356   daddsub_clz.o
        16          4          0          0          0         68   dcheck1.o
        24          0          0          0          0         68   dcmpi.o
       688        140          0          0          0        212   ddiv.o
       120          4          0          0          0         92   deqf.o
        94          4          0          0          0         92   dfix.o
        90          4          0          0          0         92   dfixu.o
        84          0          0          0          0        136   dflt_clz.o
       120          4          0          0          0         92   dleqf.o
       340         12          0          0          0        104   dmul.o
       156          4          0          0          0         92   dnaninf.o
        12          0          0          0          0         68   dretinf.o
       108          0          0          0          0         80   drleqf.o
        86          4          0          0          0         84   f2d.o
       430          8          0          0          0        168   faddsub_clz.o
        24          0          0          0          0         68   fcmpi.o
       388         76          0          0          0         96   fdiv.o
        86          0          0          0          0        136   fflt_clz.o
       104          4          0          0          0         84   fleqf.o
       140          4          0          0          0         84   fnaninf.o
         0          0          8          0          0          0   fpconst.o
        14          0          0          0          0         76   fpinit.o
        10          0          0          0          0         68   fretinf.o
        98          0          0          0          0         68   frleqf.o
         4          0          0          0          0         68   printf1.o
       100          0          0          0          0         68   retnan.o
        92          0          0          0          0         68   scalbn.o
         4          0          0          0          0         68   scanf1.o
         8          0          0          0          0         84   scanf2.o
        48          0          0          0          0         68   trapv.o
         0          0          0          0          0          0   usenofp.o
        16          6          0          0          0         68   dunder.o
       220         16          0          0          0         84   floor.o
        40          0          0          0          0         68   fpclassify.o
        88          8          0          0          0         76   frexp.o
       148          0          0          0          0        160   ldexp.o
       152          4          0          0          0        160   narrow.o
        28          0          0          0          0         80   strtod.o

    ----------------------------------------------------------------------
     15500        702        524          4        324      10776   Library Totals
        38          2          3          0          0          0   (incl. Padding)

    ----------------------------------------------------------------------

      Code (inc. data)   RO Data    RW Data    ZI Data      Debug   Library Name

     10358        374        513          4        324       7080   c_w.l
      4412        292          8          0          0       3000   fz_ws.l
       692         34          0          0          0        696   m_ws.l

    ----------------------------------------------------------------------
     15500        702        524          4        324      10776   Library Totals

    ----------------------------------------------------------------------

==============================================================================


      Code (inc. data)   RO Data    RW Data    ZI Data      Debug   

    141600      18230      26320       1360     270096     813029   Grand Totals
    141600      18230      26320        480     270096     813029   ELF Image Totals (compressed)
    141600      18230      26320        480          0          0   ROM Totals

==============================================================================

    Total RO  Size (Code + RO Data)               167920 ( 163.98kB)
    Total RW  Size (RW Data + ZI Data)            271456 ( 265.09kB)
    Total ROM Size (Code + RO Data + RW Data)     168400 ( 164.45kB)

==============================================================================

